[F:/00_下载/下载目录 - Httrack/jingyuequanshu/web/png/apple-touch-icon.png]
[F:/00_下载/下载目录 - Httrack/jingyuequanshu/web/png/favicon-32x32.png]
[F:/00_下载/下载目录 - Httrack/jingyuequanshu/web/png/favicon-16x16.png]
[F:/00_下载/下载目录 - Httrack/jingyuequanshu/web/json/manifest.json]
[F:/00_下载/下载目录 - Httrack/jingyuequanshu/web/ico/favicon.ico]
[F:/00_下载/下载目录 - Httrack/jingyuequanshu/web/xml/browserconfig.xml]
[F:/00_下载/下载目录 - Httrack/jingyuequanshu/web/css/css.css]
[F:/00_下载/下载目录 - Httrack/jingyuequanshu/backblue.gif]
[F:/00_下载/下载目录 - Httrack/jingyuequanshu/fade.gif]
[F:/00_下载/下载目录 - Httrack/jingyuequanshu/index.html]
[F:/00_下载/下载目录 - Httrack/jingyuequanshu/web/js/push9934.js]
[F:/00_下载/下载目录 - Httrack/jingyuequanshu/web/html/index-2.html]
[F:/00_下载/下载目录 - Httrack/jingyuequanshu/web/html/index-3.html]
[F:/00_下载/下载目录 - Httrack/jingyuequanshu/web/html/124-2-0.html]
[F:/00_下载/下载目录 - Httrack/jingyuequanshu/web/html/124-3-0.html]
[F:/00_下载/下载目录 - Httrack/jingyuequanshu/web/html/124-4-0.html]
[F:/00_下载/下载目录 - Httrack/jingyuequanshu/web/html/124-5-0.html]
[F:/00_下载/下载目录 - Httrack/jingyuequanshu/web/html/124-6-0.html]
[F:/00_下载/下载目录 - Httrack/jingyuequanshu/web/html/124-7-1.html]
[F:/00_下载/下载目录 - Httrack/jingyuequanshu/web/html/124-7-2.html]
[F:/00_下载/下载目录 - Httrack/jingyuequanshu/web/html/124-7-3.html]
[F:/00_下载/下载目录 - Httrack/jingyuequanshu/web/html/124-7-4.html]
[F:/00_下载/下载目录 - Httrack/jingyuequanshu/web/html/124-7-5.html]
[F:/00_下载/下载目录 - Httrack/jingyuequanshu/web/html/124-7-6.html]
[F:/00_下载/下载目录 - Httrack/jingyuequanshu/web/html/124-7-7.html]
[F:/00_下载/下载目录 - Httrack/jingyuequanshu/web/html/124-7-8.html]
[F:/00_下载/下载目录 - Httrack/jingyuequanshu/web/html/124-7-9.html]
[F:/00_下载/下载目录 - Httrack/jingyuequanshu/web/html/124-7-10.html]
[F:/00_下载/下载目录 - Httrack/jingyuequanshu/web/html/124-7-11.html]
[F:/00_下载/下载目录 - Httrack/jingyuequanshu/web/html/124-8-1.html]
[F:/00_下载/下载目录 - Httrack/jingyuequanshu/web/html/124-8-2.html]
[F:/00_下载/下载目录 - Httrack/jingyuequanshu/web/html/124-8-3.html]
[F:/00_下载/下载目录 - Httrack/jingyuequanshu/web/html/124-8-4.html]
[F:/00_下载/下载目录 - Httrack/jingyuequanshu/web/html/124-8-5.html]
[F:/00_下载/下载目录 - Httrack/jingyuequanshu/web/html/124-8-6.html]
[F:/00_下载/下载目录 - Httrack/jingyuequanshu/web/html/124-8-7.html]
[F:/00_下载/下载目录 - Httrack/jingyuequanshu/web/html/124-8-8.html]
[F:/00_下载/下载目录 - Httrack/jingyuequanshu/web/html/quanben.html]
[F:/00_下载/下载目录 - Httrack/jingyuequanshu/web/html/124-8-9.html]
[F:/00_下载/下载目录 - Httrack/jingyuequanshu/web/html/124-8-10.html]
[F:/00_下载/下载目录 - Httrack/jingyuequanshu/web/html/124-8-11.html]
[F:/00_下载/下载目录 - Httrack/jingyuequanshu/web/html/124-8-12.html]
[F:/00_下载/下载目录 - Httrack/jingyuequanshu/web/html/124-8-13.html]
[F:/00_下载/下载目录 - Httrack/jingyuequanshu/web/html/124-8-14.html]
[F:/00_下载/下载目录 - Httrack/jingyuequanshu/web/html/124-8-15.html]
[F:/00_下载/下载目录 - Httrack/jingyuequanshu/web/html/124-9-1.html]
[F:/00_下载/下载目录 - Httrack/jingyuequanshu/web/html/124-9-2.html]
[F:/00_下载/下载目录 - Httrack/jingyuequanshu/web/html/124-9-3.html]
[F:/00_下载/下载目录 - Httrack/jingyuequanshu/web/html/124-9-4.html]
[F:/00_下载/下载目录 - Httrack/jingyuequanshu/web/html/124-9-5.html]
[F:/00_下载/下载目录 - Httrack/jingyuequanshu/web/html/124-9-6.html]
[F:/00_下载/下载目录 - Httrack/jingyuequanshu/web/html/124-9-7.html]
[F:/00_下载/下载目录 - Httrack/jingyuequanshu/web/html/124-9-8.html]
[F:/00_下载/下载目录 - Httrack/jingyuequanshu/web/html/124-9-9.html]
[F:/00_下载/下载目录 - Httrack/jingyuequanshu/web/html/124-10-1.html]
[F:/00_下载/下载目录 - Httrack/jingyuequanshu/web/html/124-11-1.html]
[F:/00_下载/下载目录 - Httrack/jingyuequanshu/web/html/124-12-1.html]
[F:/00_下载/下载目录 - Httrack/jingyuequanshu/web/html/124-12-2.html]
[F:/00_下载/下载目录 - Httrack/jingyuequanshu/web/html/124-12-3.html]
[F:/00_下载/下载目录 - Httrack/jingyuequanshu/web/html/124-12-4.html]
[F:/00_下载/下载目录 - Httrack/jingyuequanshu/web/html/124-13-1.html]
[F:/00_下载/下载目录 - Httrack/jingyuequanshu/web/html/124-13-2.html]
[F:/00_下载/下载目录 - Httrack/jingyuequanshu/web/html/124-13-3.html]
[F:/00_下载/下载目录 - Httrack/jingyuequanshu/web/html/124-13-4.html]
[F:/00_下载/下载目录 - Httrack/jingyuequanshu/web/html/124-13-5.html]
[F:/00_下载/下载目录 - Httrack/jingyuequanshu/web/html/124-13-6.html]
[F:/00_下载/下载目录 - Httrack/jingyuequanshu/web/html/124-13-7.html]
[F:/00_下载/下载目录 - Httrack/jingyuequanshu/web/html/124-13-8.html]
[F:/00_下载/下载目录 - Httrack/jingyuequanshu/web/html/124-13-9.html]
[F:/00_下载/下载目录 - Httrack/jingyuequanshu/web/html/124-13-10.html]
[F:/00_下载/下载目录 - Httrack/jingyuequanshu/web/html/124-13-11.html]
[F:/00_下载/下载目录 - Httrack/jingyuequanshu/web/html/124-13-12.html]
[F:/00_下载/下载目录 - Httrack/jingyuequanshu/web/html/124-13-13.html]
[F:/00_下载/下载目录 - Httrack/jingyuequanshu/web/html/124-13-14.html]
[F:/00_下载/下载目录 - Httrack/jingyuequanshu/web/html/124-13-15.html]
[F:/00_下载/下载目录 - Httrack/jingyuequanshu/web/html/124-13-16.html]
[F:/00_下载/下载目录 - Httrack/jingyuequanshu/web/html/124-13-17.html]
[F:/00_下载/下载目录 - Httrack/jingyuequanshu/web/html/124-13-18.html]
[F:/00_下载/下载目录 - Httrack/jingyuequanshu/web/html/124-13-19.html]
[F:/00_下载/下载目录 - Httrack/jingyuequanshu/web/html/124-13-20.html]
[F:/00_下载/下载目录 - Httrack/jingyuequanshu/web/html/124-13-21.html]
[F:/00_下载/下载目录 - Httrack/jingyuequanshu/web/html/124-13-22.html]
[F:/00_下载/下载目录 - Httrack/jingyuequanshu/web/html/124-13-23.html]
[F:/00_下载/下载目录 - Httrack/jingyuequanshu/web/html/124-13-24.html]
[F:/00_下载/下载目录 - Httrack/jingyuequanshu/web/html/124-13-25.html]
[F:/00_下载/下载目录 - Httrack/jingyuequanshu/web/html/124-13-26.html]
[F:/00_下载/下载目录 - Httrack/jingyuequanshu/web/html/124-13-27.html]
[F:/00_下载/下载目录 - Httrack/jingyuequanshu/web/html/124-13-28.html]
[F:/00_下载/下载目录 - Httrack/jingyuequanshu/web/html/124-13-29.html]
[F:/00_下载/下载目录 - Httrack/jingyuequanshu/web/html/124-13-30.html]
[F:/00_下载/下载目录 - Httrack/jingyuequanshu/web/html/124-13-31.html]
[F:/00_下载/下载目录 - Httrack/jingyuequanshu/web/html/124-13-32.html]
[F:/00_下载/下载目录 - Httrack/jingyuequanshu/web/html/124-14-1.html]
[F:/00_下载/下载目录 - Httrack/jingyuequanshu/web/html/124-14-2.html]
[F:/00_下载/下载目录 - Httrack/jingyuequanshu/web/html/124-14-3.html]
[F:/00_下载/下载目录 - Httrack/jingyuequanshu/web/html/124-14-4.html]
[F:/00_下载/下载目录 - Httrack/jingyuequanshu/web/html/124-14-5.html]
[F:/00_下载/下载目录 - Httrack/jingyuequanshu/web/html/124-14-6.html]
[F:/00_下载/下载目录 - Httrack/jingyuequanshu/web/html/124-14-7.html]
[F:/00_下载/下载目录 - Httrack/jingyuequanshu/web/html/124-14-8.html]
[F:/00_下载/下载目录 - Httrack/jingyuequanshu/web/html/124-14-9.html]
[F:/00_下载/下载目录 - Httrack/jingyuequanshu/web/html/124-14-10.html]
[F:/00_下载/下载目录 - Httrack/jingyuequanshu/web/html/124-14-11.html]
[F:/00_下载/下载目录 - Httrack/jingyuequanshu/web/html/124-14-12.html]
[F:/00_下载/下载目录 - Httrack/jingyuequanshu/web/html/124-14-13.html]
[F:/00_下载/下载目录 - Httrack/jingyuequanshu/web/html/124-14-14.html]
[F:/00_下载/下载目录 - Httrack/jingyuequanshu/web/html/124-14-15.html]
[F:/00_下载/下载目录 - Httrack/jingyuequanshu/web/html/124-14-16.html]
[F:/00_下载/下载目录 - Httrack/jingyuequanshu/web/html/124-14-17.html]
[F:/00_下载/下载目录 - Httrack/jingyuequanshu/web/html/124-14-18.html]
[F:/00_下载/下载目录 - Httrack/jingyuequanshu/web/html/124-14-19.html]
[F:/00_下载/下载目录 - Httrack/jingyuequanshu/web/html/124-14-20.html]
[F:/00_下载/下载目录 - Httrack/jingyuequanshu/web/html/124-14-21.html]
[F:/00_下载/下载目录 - Httrack/jingyuequanshu/web/html/124-14-22.html]
[F:/00_下载/下载目录 - Httrack/jingyuequanshu/web/html/124-14-23.html]
[F:/00_下载/下载目录 - Httrack/jingyuequanshu/web/html/124-14-24.html]
[F:/00_下载/下载目录 - Httrack/jingyuequanshu/web/html/124-14-25.html]
[F:/00_下载/下载目录 - Httrack/jingyuequanshu/web/html/124-14-26.html]
[F:/00_下载/下载目录 - Httrack/jingyuequanshu/web/html/124-14-27.html]
[F:/00_下载/下载目录 - Httrack/jingyuequanshu/web/html/124-14-28.html]
[F:/00_下载/下载目录 - Httrack/jingyuequanshu/web/html/124-14-29.html]
[F:/00_下载/下载目录 - Httrack/jingyuequanshu/web/html/124-14-30.html]
[F:/00_下载/下载目录 - Httrack/jingyuequanshu/web/html/124-14-31.html]
[F:/00_下载/下载目录 - Httrack/jingyuequanshu/web/html/124-16-1.html]
[F:/00_下载/下载目录 - Httrack/jingyuequanshu/web/html/124-17-7.html]
[F:/00_下载/下载目录 - Httrack/jingyuequanshu/web/html/124-17-8.html]
[F:/00_下载/下载目录 - Httrack/jingyuequanshu/web/html/124-17-9.html]
[F:/00_下载/下载目录 - Httrack/jingyuequanshu/web/html/124-18-1.html]
[F:/00_下载/下载目录 - Httrack/jingyuequanshu/web/html/124-18-2.html]
[F:/00_下载/下载目录 - Httrack/jingyuequanshu/web/html/124-18-3.html]
[F:/00_下载/下载目录 - Httrack/jingyuequanshu/web/html/124-19-1.html]
[F:/00_下载/下载目录 - Httrack/jingyuequanshu/web/html/124-20-1.html]
[F:/00_下载/下载目录 - Httrack/jingyuequanshu/web/html/124-20-2.html]
[F:/00_下载/下载目录 - Httrack/jingyuequanshu/web/html/124-21-1.html]
[F:/00_下载/下载目录 - Httrack/jingyuequanshu/web/html/124-21-2.html]
[F:/00_下载/下载目录 - Httrack/jingyuequanshu/web/html/124-21-3.html]
[F:/00_下载/下载目录 - Httrack/jingyuequanshu/web/html/124-22-1.html]
[F:/00_下载/下载目录 - Httrack/jingyuequanshu/web/html/124-22-2.html]
[F:/00_下载/下载目录 - Httrack/jingyuequanshu/web/html/124-22-3.html]
[F:/00_下载/下载目录 - Httrack/jingyuequanshu/web/html/124-23-1.html]
[F:/00_下载/下载目录 - Httrack/jingyuequanshu/web/html/124-23-2.html]
[F:/00_下载/下载目录 - Httrack/jingyuequanshu/web/html/124-23-3.html]
[F:/00_下载/下载目录 - Httrack/jingyuequanshu/web/html/124-24-1.html]
[F:/00_下载/下载目录 - Httrack/jingyuequanshu/web/html/124-24-2.html]
[F:/00_下载/下载目录 - Httrack/jingyuequanshu/web/html/124-24-3.html]
[F:/00_下载/下载目录 - Httrack/jingyuequanshu/web/html/124-25-1.html]
[F:/00_下载/下载目录 - Httrack/jingyuequanshu/web/html/124-25-2.html]
[F:/00_下载/下载目录 - Httrack/jingyuequanshu/web/html/124-25-3.html]
[F:/00_下载/下载目录 - Httrack/jingyuequanshu/web/html/124-25-4.html]
[F:/00_下载/下载目录 - Httrack/jingyuequanshu/web/html/124-26-1.html]
[F:/00_下载/下载目录 - Httrack/jingyuequanshu/web/html/124-26-2.html]
[F:/00_下载/下载目录 - Httrack/jingyuequanshu/web/html/124-26-3.html]
[F:/00_下载/下载目录 - Httrack/jingyuequanshu/web/html/124-27-1.html]
[F:/00_下载/下载目录 - Httrack/jingyuequanshu/web/html/124-27-2.html]
[F:/00_下载/下载目录 - Httrack/jingyuequanshu/web/html/124-27-3.html]
[F:/00_下载/下载目录 - Httrack/jingyuequanshu/web/html/124-27-4.html]
[F:/00_下载/下载目录 - Httrack/jingyuequanshu/web/html/124-28-1.html]
[F:/00_下载/下载目录 - Httrack/jingyuequanshu/web/html/124-29-1.html]
[F:/00_下载/下载目录 - Httrack/jingyuequanshu/web/html/124-29-2.html]
[F:/00_下载/下载目录 - Httrack/jingyuequanshu/web/html/124-30-1.html]
[F:/00_下载/下载目录 - Httrack/jingyuequanshu/web/html/124-30-2.html]
[F:/00_下载/下载目录 - Httrack/jingyuequanshu/web/html/124-31-1.html]
[F:/00_下载/下载目录 - Httrack/jingyuequanshu/web/html/124-31-2.html]
[F:/00_下载/下载目录 - Httrack/jingyuequanshu/web/html/124-31-3.html]
[F:/00_下载/下载目录 - Httrack/jingyuequanshu/web/html/124-32-1.html]
[F:/00_下载/下载目录 - Httrack/jingyuequanshu/web/html/124-32-2.html]
[F:/00_下载/下载目录 - Httrack/jingyuequanshu/web/html/124-32-3.html]
[F:/00_下载/下载目录 - Httrack/jingyuequanshu/web/html/124-33-1.html]
[F:/00_下载/下载目录 - Httrack/jingyuequanshu/web/html/124-33-2.html]
[F:/00_下载/下载目录 - Httrack/jingyuequanshu/web/html/124-33-3.html]
[F:/00_下载/下载目录 - Httrack/jingyuequanshu/web/html/124-34-1.html]
[F:/00_下载/下载目录 - Httrack/jingyuequanshu/web/html/124-34-2.html]
[F:/00_下载/下载目录 - Httrack/jingyuequanshu/web/html/124-34-3.html]
[F:/00_下载/下载目录 - Httrack/jingyuequanshu/web/html/124-35-1.html]
[F:/00_下载/下载目录 - Httrack/jingyuequanshu/web/html/124-35-2.html]
[F:/00_下载/下载目录 - Httrack/jingyuequanshu/web/html/124-35-3.html]
[F:/00_下载/下载目录 - Httrack/jingyuequanshu/web/html/124-36-1.html]
[F:/00_下载/下载目录 - Httrack/jingyuequanshu/web/html/124-37-2.html]
[F:/00_下载/下载目录 - Httrack/jingyuequanshu/web/html/124-37-3.html]
[F:/00_下载/下载目录 - Httrack/jingyuequanshu/web/html/124-37-4.html]
[F:/00_下载/下载目录 - Httrack/jingyuequanshu/web/html/124-38-1.html]
[F:/00_下载/下载目录 - Httrack/jingyuequanshu/web/html/124-38-2.html]
[F:/00_下载/下载目录 - Httrack/jingyuequanshu/web/html/124-38-3.html]
[F:/00_下载/下载目录 - Httrack/jingyuequanshu/web/html/124-39-1.html]
[F:/00_下载/下载目录 - Httrack/jingyuequanshu/web/html/124-39-2.html]
[F:/00_下载/下载目录 - Httrack/jingyuequanshu/web/html/124-40-1.html]
[F:/00_下载/下载目录 - Httrack/jingyuequanshu/web/html/124-40-2.html]
[F:/00_下载/下载目录 - Httrack/jingyuequanshu/web/html/124-40-3.html]
[F:/00_下载/下载目录 - Httrack/jingyuequanshu/web/html/124-40-4.html]
[F:/00_下载/下载目录 - Httrack/jingyuequanshu/web/html/124-40-5.html]
[F:/00_下载/下载目录 - Httrack/jingyuequanshu/web/html/124-41-1.html]
[F:/00_下载/下载目录 - Httrack/jingyuequanshu/web/html/124-41-2.html]
[F:/00_下载/下载目录 - Httrack/jingyuequanshu/web/html/124-42-1_group.html]
[F:/00_下载/下载目录 - Httrack/jingyuequanshu/web/html/14965.html]
[F:/00_下载/下载目录 - Httrack/jingyuequanshu/web/html/14966.html]
[F:/00_下载/下载目录 - Httrack/jingyuequanshu/web/html/14967.html]
[F:/00_下载/下载目录 - Httrack/jingyuequanshu/web/html/14968.html]
[F:/00_下载/下载目录 - Httrack/jingyuequanshu/web/html/14969.html]
[F:/00_下载/下载目录 - Httrack/jingyuequanshu/web/html/14970.html]
[F:/00_下载/下载目录 - Httrack/jingyuequanshu/web/html/14971.html]
[F:/00_下载/下载目录 - Httrack/jingyuequanshu/web/html/14972.html]
[F:/00_下载/下载目录 - Httrack/jingyuequanshu/web/html/14973.html]
[F:/00_下载/下载目录 - Httrack/jingyuequanshu/web/html/14974.html]
[F:/00_下载/下载目录 - Httrack/jingyuequanshu/web/html/14975.html]
[F:/00_下载/下载目录 - Httrack/jingyuequanshu/web/html/14976.html]
[F:/00_下载/下载目录 - Httrack/jingyuequanshu/web/html/14977.html]
[F:/00_下载/下载目录 - Httrack/jingyuequanshu/web/html/14978.html]
[F:/00_下载/下载目录 - Httrack/jingyuequanshu/web/html/14979.html]
[F:/00_下载/下载目录 - Httrack/jingyuequanshu/web/html/14980.html]
[F:/00_下载/下载目录 - Httrack/jingyuequanshu/web/html/14981.html]
[F:/00_下载/下载目录 - Httrack/jingyuequanshu/web/html/14982.html]
[F:/00_下载/下载目录 - Httrack/jingyuequanshu/web/html/124-43-1_group.html]
[F:/00_下载/下载目录 - Httrack/jingyuequanshu/web/html/14985.html]
[F:/00_下载/下载目录 - Httrack/jingyuequanshu/web/html/14986.html]
[F:/00_下载/下载目录 - Httrack/jingyuequanshu/web/html/14987.html]
[F:/00_下载/下载目录 - Httrack/jingyuequanshu/web/html/14988.html]
[F:/00_下载/下载目录 - Httrack/jingyuequanshu/web/html/14989.html]
[F:/00_下载/下载目录 - Httrack/jingyuequanshu/web/html/14990.html]
[F:/00_下载/下载目录 - Httrack/jingyuequanshu/web/html/14991.html]
[F:/00_下载/下载目录 - Httrack/jingyuequanshu/web/html/14992.html]
[F:/00_下载/下载目录 - Httrack/jingyuequanshu/web/html/14993.html]
[F:/00_下载/下载目录 - Httrack/jingyuequanshu/web/html/14994.html]
[F:/00_下载/下载目录 - Httrack/jingyuequanshu/web/html/14995.html]
[F:/00_下载/下载目录 - Httrack/jingyuequanshu/web/html/14996.html]
[F:/00_下载/下载目录 - Httrack/jingyuequanshu/web/html/14997.html]
[F:/00_下载/下载目录 - Httrack/jingyuequanshu/web/html/14998.html]
[F:/00_下载/下载目录 - Httrack/jingyuequanshu/web/html/124-44-1.html]
[F:/00_下载/下载目录 - Httrack/jingyuequanshu/web/html/124-44-2.html]
[F:/00_下载/下载目录 - Httrack/jingyuequanshu/web/html/124-45-1.html]
[F:/00_下载/下载目录 - Httrack/jingyuequanshu/web/html/124-45-2.html]
[F:/00_下载/下载目录 - Httrack/jingyuequanshu/web/html/124-45-3.html]
[F:/00_下载/下载目录 - Httrack/jingyuequanshu/web/html/124-45-4.html]
[F:/00_下载/下载目录 - Httrack/jingyuequanshu/web/html/124-45-6.html]
[F:/00_下载/下载目录 - Httrack/jingyuequanshu/web/html/124-45-7.html]
[F:/00_下载/下载目录 - Httrack/jingyuequanshu/web/html/124-45-8.html]
[F:/00_下载/下载目录 - Httrack/jingyuequanshu/web/html/124-45-9.html]
[F:/00_下载/下载目录 - Httrack/jingyuequanshu/web/html/124-45-10.html]
[F:/00_下载/下载目录 - Httrack/jingyuequanshu/web/html/124-45-11.html]
[F:/00_下载/下载目录 - Httrack/jingyuequanshu/web/html/124-45-12.html]
[F:/00_下载/下载目录 - Httrack/jingyuequanshu/web/html/124-45-13.html]
[F:/00_下载/下载目录 - Httrack/jingyuequanshu/web/html/124-45-14.html]
[F:/00_下载/下载目录 - Httrack/jingyuequanshu/web/html/124-45-15.html]
[F:/00_下载/下载目录 - Httrack/jingyuequanshu/web/html/124-45-16.html]
[F:/00_下载/下载目录 - Httrack/jingyuequanshu/web/html/124-46-1.html]
[F:/00_下载/下载目录 - Httrack/jingyuequanshu/web/html/124-46-2.html]
[F:/00_下载/下载目录 - Httrack/jingyuequanshu/web/html/124-46-3.html]
[F:/00_下载/下载目录 - Httrack/jingyuequanshu/web/html/124-46-4.html]
[F:/00_下载/下载目录 - Httrack/jingyuequanshu/web/html/124-46-5.html]
[F:/00_下载/下载目录 - Httrack/jingyuequanshu/web/html/124-46-6.html]
[F:/00_下载/下载目录 - Httrack/jingyuequanshu/web/html/124-46-7.html]
[F:/00_下载/下载目录 - Httrack/jingyuequanshu/web/html/124-46-8.html]
[F:/00_下载/下载目录 - Httrack/jingyuequanshu/web/html/124-46-9.html]
[F:/00_下载/下载目录 - Httrack/jingyuequanshu/web/html/124-46-10.html]
[F:/00_下载/下载目录 - Httrack/jingyuequanshu/web/html/124-46-11.html]
[F:/00_下载/下载目录 - Httrack/jingyuequanshu/web/html/124-46-12.html]
[F:/00_下载/下载目录 - Httrack/jingyuequanshu/web/html/124-46-13.html]
[F:/00_下载/下载目录 - Httrack/jingyuequanshu/web/html/124-47-1.html]
[F:/00_下载/下载目录 - Httrack/jingyuequanshu/web/html/124-47-2.html]
[F:/00_下载/下载目录 - Httrack/jingyuequanshu/web/html/124-47-3.html]
[F:/00_下载/下载目录 - Httrack/jingyuequanshu/web/html/124-47-4.html]
[F:/00_下载/下载目录 - Httrack/jingyuequanshu/web/html/124-47-5.html]
[F:/00_下载/下载目录 - Httrack/jingyuequanshu/web/html/124-47-6.html]
[F:/00_下载/下载目录 - Httrack/jingyuequanshu/web/html/124-47-7.html]
[F:/00_下载/下载目录 - Httrack/jingyuequanshu/web/html/124-47-8.html]
[F:/00_下载/下载目录 - Httrack/jingyuequanshu/web/html/124-47-9.html]
[F:/00_下载/下载目录 - Httrack/jingyuequanshu/web/html/124-47-10.html]
[F:/00_下载/下载目录 - Httrack/jingyuequanshu/web/html/124-47-11.html]
[F:/00_下载/下载目录 - Httrack/jingyuequanshu/web/html/124-47-12.html]
[F:/00_下载/下载目录 - Httrack/jingyuequanshu/web/html/124-47-13.html]
[F:/00_下载/下载目录 - Httrack/jingyuequanshu/web/html/124-47-14.html]
[F:/00_下载/下载目录 - Httrack/jingyuequanshu/web/html/124-48-1.html]
[F:/00_下载/下载目录 - Httrack/jingyuequanshu/web/html/124-48-2.html]
[F:/00_下载/下载目录 - Httrack/jingyuequanshu/web/html/124-48-3.html]
[F:/00_下载/下载目录 - Httrack/jingyuequanshu/web/html/124-48-4.html]
[F:/00_下载/下载目录 - Httrack/jingyuequanshu/web/html/124-48-5.html]
[F:/00_下载/下载目录 - Httrack/jingyuequanshu/web/html/124-48-6.html]
[F:/00_下载/下载目录 - Httrack/jingyuequanshu/web/html/124-48-7.html]
[F:/00_下载/下载目录 - Httrack/jingyuequanshu/web/html/124-48-8.html]
[F:/00_下载/下载目录 - Httrack/jingyuequanshu/web/html/124-48-9.html]
[F:/00_下载/下载目录 - Httrack/jingyuequanshu/web/html/124-48-10.html]
[F:/00_下载/下载目录 - Httrack/jingyuequanshu/web/html/124-48-11.html]
[F:/00_下载/下载目录 - Httrack/jingyuequanshu/web/html/124-48-12.html]
[F:/00_下载/下载目录 - Httrack/jingyuequanshu/web/html/124-49-1.html]
[F:/00_下载/下载目录 - Httrack/jingyuequanshu/web/html/124-49-2.html]
[F:/00_下载/下载目录 - Httrack/jingyuequanshu/web/html/124-49-3.html]
[F:/00_下载/下载目录 - Httrack/jingyuequanshu/web/html/124-49-4.html]
[F:/00_下载/下载目录 - Httrack/jingyuequanshu/web/html/124-50-1.html]
[F:/00_下载/下载目录 - Httrack/jingyuequanshu/web/html/124-50-2.html]
[F:/00_下载/下载目录 - Httrack/jingyuequanshu/web/html/124-50-3.html]
[F:/00_下载/下载目录 - Httrack/jingyuequanshu/web/html/124-50-4.html]
[F:/00_下载/下载目录 - Httrack/jingyuequanshu/web/html/124-50-5.html]
[F:/00_下载/下载目录 - Httrack/jingyuequanshu/web/html/124-51-1.html]
[F:/00_下载/下载目录 - Httrack/jingyuequanshu/web/html/124-51-2.html]
[F:/00_下载/下载目录 - Httrack/jingyuequanshu/web/html/124-51-3.html]
[F:/00_下载/下载目录 - Httrack/jingyuequanshu/web/html/124-51-4.html]
[F:/00_下载/下载目录 - Httrack/jingyuequanshu/web/html/124-51-5.html]
[F:/00_下载/下载目录 - Httrack/jingyuequanshu/web/html/124-52-1.html]
[F:/00_下载/下载目录 - Httrack/jingyuequanshu/web/html/124-52-2.html]
[F:/00_下载/下载目录 - Httrack/jingyuequanshu/web/html/124-52-3.html]
[F:/00_下载/下载目录 - Httrack/jingyuequanshu/web/html/124-52-4.html]
[F:/00_下载/下载目录 - Httrack/jingyuequanshu/web/html/124-52-5.html]
[F:/00_下载/下载目录 - Httrack/jingyuequanshu/web/html/124-53-1.html]
[F:/00_下载/下载目录 - Httrack/jingyuequanshu/web/html/124-53-2.html]
[F:/00_下载/下载目录 - Httrack/jingyuequanshu/web/html/124-53-3.html]
[F:/00_下载/下载目录 - Httrack/jingyuequanshu/web/html/124-53-4.html]
[F:/00_下载/下载目录 - Httrack/jingyuequanshu/web/html/124-53-5.html]
[F:/00_下载/下载目录 - Httrack/jingyuequanshu/web/html/124-53-6.html]
[F:/00_下载/下载目录 - Httrack/jingyuequanshu/web/html/124-53-7.html]
[F:/00_下载/下载目录 - Httrack/jingyuequanshu/web/html/124-54-1.html]
[F:/00_下载/下载目录 - Httrack/jingyuequanshu/web/html/124-54-2.html]
[F:/00_下载/下载目录 - Httrack/jingyuequanshu/web/html/124-54-3.html]
[F:/00_下载/下载目录 - Httrack/jingyuequanshu/web/html/124-54-4.html]
[F:/00_下载/下载目录 - Httrack/jingyuequanshu/web/html/124-54-5.html]
[F:/00_下载/下载目录 - Httrack/jingyuequanshu/web/html/124-54-6.html]
[F:/00_下载/下载目录 - Httrack/jingyuequanshu/web/html/124-54-7.html]
[F:/00_下载/下载目录 - Httrack/jingyuequanshu/web/html/124-54-8.html]
[F:/00_下载/下载目录 - Httrack/jingyuequanshu/web/html/124-54-9.html]
[F:/00_下载/下载目录 - Httrack/jingyuequanshu/web/html/124-54-10.html]
[F:/00_下载/下载目录 - Httrack/jingyuequanshu/web/html/124-54-11.html]
[F:/00_下载/下载目录 - Httrack/jingyuequanshu/web/html/124-54-12.html]
[F:/00_下载/下载目录 - Httrack/jingyuequanshu/web/html/124-54-13.html]
[F:/00_下载/下载目录 - Httrack/jingyuequanshu/web/html/124-54-14.html]
[F:/00_下载/下载目录 - Httrack/jingyuequanshu/web/html/124-54-15.html]
[F:/00_下载/下载目录 - Httrack/jingyuequanshu/web/html/124-54-16.html]
[F:/00_下载/下载目录 - Httrack/jingyuequanshu/web/html/124-54-17.html]
[F:/00_下载/下载目录 - Httrack/jingyuequanshu/web/html/124-54-18.html]
[F:/00_下载/下载目录 - Httrack/jingyuequanshu/web/html/124-54-19.html]
[F:/00_下载/下载目录 - Httrack/jingyuequanshu/web/html/124-54-20.html]
[F:/00_下载/下载目录 - Httrack/jingyuequanshu/web/html/124-54-21.html]
[F:/00_下载/下载目录 - Httrack/jingyuequanshu/web/html/124-54-22.html]
[F:/00_下载/下载目录 - Httrack/jingyuequanshu/web/html/124-54-23.html]
[F:/00_下载/下载目录 - Httrack/jingyuequanshu/web/html/124-54-24.html]
[F:/00_下载/下载目录 - Httrack/jingyuequanshu/web/html/124-54-25.html]
[F:/00_下载/下载目录 - Httrack/jingyuequanshu/web/html/124-55-1.html]
[F:/00_下载/下载目录 - Httrack/jingyuequanshu/web/html/124-55-2.html]
[F:/00_下载/下载目录 - Httrack/jingyuequanshu/web/html/124-55-3.html]
[F:/00_下载/下载目录 - Httrack/jingyuequanshu/web/html/124-55-4.html]
[F:/00_下载/下载目录 - Httrack/jingyuequanshu/web/html/124-55-5.html]
[F:/00_下载/下载目录 - Httrack/jingyuequanshu/web/html/124-55-6.html]
[F:/00_下载/下载目录 - Httrack/jingyuequanshu/web/html/124-55-7.html]
[F:/00_下载/下载目录 - Httrack/jingyuequanshu/web/html/124-55-8.html]
[F:/00_下载/下载目录 - Httrack/jingyuequanshu/web/html/124-55-9.html]
[F:/00_下载/下载目录 - Httrack/jingyuequanshu/web/html/124-55-11.html]
[F:/00_下载/下载目录 - Httrack/jingyuequanshu/web/html/124-55-12.html]
[F:/00_下载/下载目录 - Httrack/jingyuequanshu/web/html/124-55-13.html]
[F:/00_下载/下载目录 - Httrack/jingyuequanshu/web/html/124-56-1.html]
[F:/00_下载/下载目录 - Httrack/jingyuequanshu/web/html/124-57-1.html]
[F:/00_下载/下载目录 - Httrack/jingyuequanshu/web/html/124-57-2.html]
[F:/00_下载/下载目录 - Httrack/jingyuequanshu/web/html/124-57-3.html]
[F:/00_下载/下载目录 - Httrack/jingyuequanshu/web/html/124-57-4.html]
[F:/00_下载/下载目录 - Httrack/jingyuequanshu/web/html/124-57-5.html]
[F:/00_下载/下载目录 - Httrack/jingyuequanshu/web/html/124-57-6.html]
[F:/00_下载/下载目录 - Httrack/jingyuequanshu/web/html/124-57-7.html]
[F:/00_下载/下载目录 - Httrack/jingyuequanshu/web/html/124-57-8.html]
[F:/00_下载/下载目录 - Httrack/jingyuequanshu/web/html/124-57-9.html]
[F:/00_下载/下载目录 - Httrack/jingyuequanshu/web/html/124-57-10.html]
[F:/00_下载/下载目录 - Httrack/jingyuequanshu/web/html/124-57-11.html]
[F:/00_下载/下载目录 - Httrack/jingyuequanshu/web/html/124-57-12.html]
[F:/00_下载/下载目录 - Httrack/jingyuequanshu/web/html/124-57-13.html]
[F:/00_下载/下载目录 - Httrack/jingyuequanshu/web/html/124-57-14.html]
[F:/00_下载/下载目录 - Httrack/jingyuequanshu/web/html/124-57-15.html]
[F:/00_下载/下载目录 - Httrack/jingyuequanshu/web/html/124-57-16.html]
[F:/00_下载/下载目录 - Httrack/jingyuequanshu/web/html/124-57-17.html]
[F:/00_下载/下载目录 - Httrack/jingyuequanshu/web/html/124-57-18.html]
[F:/00_下载/下载目录 - Httrack/jingyuequanshu/web/html/124-57-19.html]
[F:/00_下载/下载目录 - Httrack/jingyuequanshu/web/html/124-57-20.html]
[F:/00_下载/下载目录 - Httrack/jingyuequanshu/web/html/124-57-21.html]
[F:/00_下载/下载目录 - Httrack/jingyuequanshu/web/html/124-58-1.html]
[F:/00_下载/下载目录 - Httrack/jingyuequanshu/web/html/124-58-2.html]
[F:/00_下载/下载目录 - Httrack/jingyuequanshu/web/html/124-58-3.html]
[F:/00_下载/下载目录 - Httrack/jingyuequanshu/web/html/124-58-4.html]
[F:/00_下载/下载目录 - Httrack/jingyuequanshu/web/html/124-58-5.html]
[F:/00_下载/下载目录 - Httrack/jingyuequanshu/web/html/124-58-6.html]
[F:/00_下载/下载目录 - Httrack/jingyuequanshu/web/html/124-58-7.html]
[F:/00_下载/下载目录 - Httrack/jingyuequanshu/web/html/124-58-8.html]
[F:/00_下载/下载目录 - Httrack/jingyuequanshu/web/html/124-58-9.html]
[F:/00_下载/下载目录 - Httrack/jingyuequanshu/web/html/124-58-10.html]
[F:/00_下载/下载目录 - Httrack/jingyuequanshu/web/html/124-58-11.html]
[F:/00_下载/下载目录 - Httrack/jingyuequanshu/web/html/124-58-12.html]
[F:/00_下载/下载目录 - Httrack/jingyuequanshu/web/html/124-58-13.html]
[F:/00_下载/下载目录 - Httrack/jingyuequanshu/web/html/124-58-14.html]
[F:/00_下载/下载目录 - Httrack/jingyuequanshu/web/html/124-58-15.html]
[F:/00_下载/下载目录 - Httrack/jingyuequanshu/web/html/124-58-16.html]
[F:/00_下载/下载目录 - Httrack/jingyuequanshu/web/html/124-58-17.html]
[F:/00_下载/下载目录 - Httrack/jingyuequanshu/web/html/124-58-18.html]
[F:/00_下载/下载目录 - Httrack/jingyuequanshu/web/html/124-58-19.html]
[F:/00_下载/下载目录 - Httrack/jingyuequanshu/web/html/124-59-1.html]
[F:/00_下载/下载目录 - Httrack/jingyuequanshu/web/html/124-59-2.html]
[F:/00_下载/下载目录 - Httrack/jingyuequanshu/web/html/124-59-3.html]
[F:/00_下载/下载目录 - Httrack/jingyuequanshu/web/html/124-59-4.html]
[F:/00_下载/下载目录 - Httrack/jingyuequanshu/web/html/124-59-5.html]
[F:/00_下载/下载目录 - Httrack/jingyuequanshu/web/html/124-59-6.html]
[F:/00_下载/下载目录 - Httrack/jingyuequanshu/web/html/124-59-7.html]
[F:/00_下载/下载目录 - Httrack/jingyuequanshu/web/html/124-59-8.html]
[F:/00_下载/下载目录 - Httrack/jingyuequanshu/web/html/124-59-9.html]
[F:/00_下载/下载目录 - Httrack/jingyuequanshu/web/html/124-59-10.html]
[F:/00_下载/下载目录 - Httrack/jingyuequanshu/web/html/124-59-11.html]
[F:/00_下载/下载目录 - Httrack/jingyuequanshu/web/html/124-59-12.html]
[F:/00_下载/下载目录 - Httrack/jingyuequanshu/web/html/124-59-13.html]
[F:/00_下载/下载目录 - Httrack/jingyuequanshu/web/html/124-59-14.html]
[F:/00_下载/下载目录 - Httrack/jingyuequanshu/web/html/124-59-15.html]
[F:/00_下载/下载目录 - Httrack/jingyuequanshu/web/html/124-59-16.html]
[F:/00_下载/下载目录 - Httrack/jingyuequanshu/web/html/124-59-17.html]
[F:/00_下载/下载目录 - Httrack/jingyuequanshu/web/html/124-59-18.html]
[F:/00_下载/下载目录 - Httrack/jingyuequanshu/web/html/124-59-19.html]
[F:/00_下载/下载目录 - Httrack/jingyuequanshu/web/html/124-59-20.html]
[F:/00_下载/下载目录 - Httrack/jingyuequanshu/web/html/124-59-21.html]
[F:/00_下载/下载目录 - Httrack/jingyuequanshu/web/html/124-59-22.html]
[F:/00_下载/下载目录 - Httrack/jingyuequanshu/web/html/124-59-23.html]
[F:/00_下载/下载目录 - Httrack/jingyuequanshu/web/html/124-59-24.html]
[F:/00_下载/下载目录 - Httrack/jingyuequanshu/web/html/124-59-25.html]
[F:/00_下载/下载目录 - Httrack/jingyuequanshu/web/html/124-59-26.html]
[F:/00_下载/下载目录 - Httrack/jingyuequanshu/web/html/124-59-27.html]
[F:/00_下载/下载目录 - Httrack/jingyuequanshu/web/html/124-59-28.html]
[F:/00_下载/下载目录 - Httrack/jingyuequanshu/web/html/124-60-1.html]
[F:/00_下载/下载目录 - Httrack/jingyuequanshu/web/html/124-60-2.html]
[F:/00_下载/下载目录 - Httrack/jingyuequanshu/web/html/124-60-3.html]
[F:/00_下载/下载目录 - Httrack/jingyuequanshu/web/html/124-60-4.html]
[F:/00_下载/下载目录 - Httrack/jingyuequanshu/web/html/124-60-5.html]
[F:/00_下载/下载目录 - Httrack/jingyuequanshu/web/html/124-60-6.html]
[F:/00_下载/下载目录 - Httrack/jingyuequanshu/web/html/124-60-7.html]
[F:/00_下载/下载目录 - Httrack/jingyuequanshu/web/html/124-60-8.html]
[F:/00_下载/下载目录 - Httrack/jingyuequanshu/web/html/124-60-9.html]
[F:/00_下载/下载目录 - Httrack/jingyuequanshu/web/html/124-60-10.html]
[F:/00_下载/下载目录 - Httrack/jingyuequanshu/web/html/124-60-11.html]
[F:/00_下载/下载目录 - Httrack/jingyuequanshu/web/html/124-60-12.html]
[F:/00_下载/下载目录 - Httrack/jingyuequanshu/web/html/124-60-13.html]
[F:/00_下载/下载目录 - Httrack/jingyuequanshu/web/html/124-60-14.html]
[F:/00_下载/下载目录 - Httrack/jingyuequanshu/web/html/124-60-15.html]
[F:/00_下载/下载目录 - Httrack/jingyuequanshu/web/html/124-60-16.html]
[F:/00_下载/下载目录 - Httrack/jingyuequanshu/web/html/124-60-17.html]
[F:/00_下载/下载目录 - Httrack/jingyuequanshu/web/html/124-60-18.html]
[F:/00_下载/下载目录 - Httrack/jingyuequanshu/web/html/124-60-19.html]
[F:/00_下载/下载目录 - Httrack/jingyuequanshu/web/html/124-60-20.html]
[F:/00_下载/下载目录 - Httrack/jingyuequanshu/web/html/124-60-21.html]
[F:/00_下载/下载目录 - Httrack/jingyuequanshu/web/html/124-60-22.html]
[F:/00_下载/下载目录 - Httrack/jingyuequanshu/web/html/124-60-23.html]
[F:/00_下载/下载目录 - Httrack/jingyuequanshu/web/html/124-60-24.html]
[F:/00_下载/下载目录 - Httrack/jingyuequanshu/web/html/124-60-25.html]
[F:/00_下载/下载目录 - Httrack/jingyuequanshu/web/html/124-60-26.html]
[F:/00_下载/下载目录 - Httrack/jingyuequanshu/web/html/124-60-27.html]
[F:/00_下载/下载目录 - Httrack/jingyuequanshu/web/html/124-60-28.html]
[F:/00_下载/下载目录 - Httrack/jingyuequanshu/web/html/124-60-29.html]
[F:/00_下载/下载目录 - Httrack/jingyuequanshu/web/html/124-60-30.html]
[F:/00_下载/下载目录 - Httrack/jingyuequanshu/web/html/124-60-31.html]
[F:/00_下载/下载目录 - Httrack/jingyuequanshu/web/html/124-60-32.html]
[F:/00_下载/下载目录 - Httrack/jingyuequanshu/web/html/124-60-33.html]
[F:/00_下载/下载目录 - Httrack/jingyuequanshu/web/html/124-60-34.html]
[F:/00_下载/下载目录 - Httrack/jingyuequanshu/web/html/124-60-35.html]
[F:/00_下载/下载目录 - Httrack/jingyuequanshu/web/html/124-60-36.html]
[F:/00_下载/下载目录 - Httrack/jingyuequanshu/web/html/124-60-37.html]
[F:/00_下载/下载目录 - Httrack/jingyuequanshu/web/html/124-60-38.html]
[F:/00_下载/下载目录 - Httrack/jingyuequanshu/web/html/124-60-39.html]
[F:/00_下载/下载目录 - Httrack/jingyuequanshu/web/html/124-60-40.html]
[F:/00_下载/下载目录 - Httrack/jingyuequanshu/web/html/124-60-41.html]
[F:/00_下载/下载目录 - Httrack/jingyuequanshu/web/html/124-60-42.html]
[F:/00_下载/下载目录 - Httrack/jingyuequanshu/web/html/124-61-1.html]
[F:/00_下载/下载目录 - Httrack/jingyuequanshu/web/html/124-61-2.html]
[F:/00_下载/下载目录 - Httrack/jingyuequanshu/web/html/124-61-3.html]
[F:/00_下载/下载目录 - Httrack/jingyuequanshu/web/html/124-61-4.html]
[F:/00_下载/下载目录 - Httrack/jingyuequanshu/web/html/124-61-5.html]
[F:/00_下载/下载目录 - Httrack/jingyuequanshu/web/html/124-61-6.html]
[F:/00_下载/下载目录 - Httrack/jingyuequanshu/web/html/124-61-7.html]
[F:/00_下载/下载目录 - Httrack/jingyuequanshu/web/html/124-61-8.html]
[F:/00_下载/下载目录 - Httrack/jingyuequanshu/web/html/124-61-9.html]
[F:/00_下载/下载目录 - Httrack/jingyuequanshu/web/html/124-61-10.html]
[F:/00_下载/下载目录 - Httrack/jingyuequanshu/web/html/124-61-11.html]
[F:/00_下载/下载目录 - Httrack/jingyuequanshu/web/html/124-61-12.html]
[F:/00_下载/下载目录 - Httrack/jingyuequanshu/web/html/124-61-13.html]
[F:/00_下载/下载目录 - Httrack/jingyuequanshu/web/html/124-61-14.html]
[F:/00_下载/下载目录 - Httrack/jingyuequanshu/web/html/124-61-15.html]
[F:/00_下载/下载目录 - Httrack/jingyuequanshu/web/html/124-61-16.html]
[F:/00_下载/下载目录 - Httrack/jingyuequanshu/web/html/124-61-17.html]
[F:/00_下载/下载目录 - Httrack/jingyuequanshu/web/html/124-61-18.html]
[F:/00_下载/下载目录 - Httrack/jingyuequanshu/web/html/124-61-19.html]
[F:/00_下载/下载目录 - Httrack/jingyuequanshu/web/html/124-61-20.html]
[F:/00_下载/下载目录 - Httrack/jingyuequanshu/web/html/124-61-21.html]
[F:/00_下载/下载目录 - Httrack/jingyuequanshu/web/html/124-61-22.html]
[F:/00_下载/下载目录 - Httrack/jingyuequanshu/web/html/124-61-23.html]
[F:/00_下载/下载目录 - Httrack/jingyuequanshu/web/html/124-61-24.html]
[F:/00_下载/下载目录 - Httrack/jingyuequanshu/web/html/124-61-25.html]
[F:/00_下载/下载目录 - Httrack/jingyuequanshu/web/html/124-61-26.html]
[F:/00_下载/下载目录 - Httrack/jingyuequanshu/web/html/124-61-27.html]
[F:/00_下载/下载目录 - Httrack/jingyuequanshu/web/html/124-61-28.html]
[F:/00_下载/下载目录 - Httrack/jingyuequanshu/web/html/124-61-29.html]
[F:/00_下载/下载目录 - Httrack/jingyuequanshu/web/html/124-61-30.html]
[F:/00_下载/下载目录 - Httrack/jingyuequanshu/web/html/124-61-31.html]
[F:/00_下载/下载目录 - Httrack/jingyuequanshu/web/html/124-61-32.html]
[F:/00_下载/下载目录 - Httrack/jingyuequanshu/web/html/124-61-33.html]
[F:/00_下载/下载目录 - Httrack/jingyuequanshu/web/html/124-61-34.html]
[F:/00_下载/下载目录 - Httrack/jingyuequanshu/web/html/124-61-35.html]
[F:/00_下载/下载目录 - Httrack/jingyuequanshu/web/html/124-61-36.html]
[F:/00_下载/下载目录 - Httrack/jingyuequanshu/web/html/124-61-37.html]
[F:/00_下载/下载目录 - Httrack/jingyuequanshu/web/html/124-61-38.html]
[F:/00_下载/下载目录 - Httrack/jingyuequanshu/web/html/124-61-39.html]
[F:/00_下载/下载目录 - Httrack/jingyuequanshu/web/html/124-61-40.html]
[F:/00_下载/下载目录 - Httrack/jingyuequanshu/web/html/124-62-1.html]
[F:/00_下载/下载目录 - Httrack/jingyuequanshu/web/html/124-62-2.html]
[F:/00_下载/下载目录 - Httrack/jingyuequanshu/web/html/124-62-3.html]
[F:/00_下载/下载目录 - Httrack/jingyuequanshu/web/html/124-62-4.html]
[F:/00_下载/下载目录 - Httrack/jingyuequanshu/web/html/124-62-5.html]
[F:/00_下载/下载目录 - Httrack/jingyuequanshu/web/html/124-63-1.html]
[F:/00_下载/下载目录 - Httrack/jingyuequanshu/web/html/124-63-2.html]
[F:/00_下载/下载目录 - Httrack/jingyuequanshu/web/html/124-63-3.html]
[F:/00_下载/下载目录 - Httrack/jingyuequanshu/web/html/124-63-4.html]
[F:/00_下载/下载目录 - Httrack/jingyuequanshu/web/html/124-63-5.html]
[F:/00_下载/下载目录 - Httrack/jingyuequanshu/web/html/124-63-6.html]
[F:/00_下载/下载目录 - Httrack/jingyuequanshu/web/html/124-63-7.html]
[F:/00_下载/下载目录 - Httrack/jingyuequanshu/web/html/124-63-8.html]
[F:/00_下载/下载目录 - Httrack/jingyuequanshu/web/html/124-63-9.html]
[F:/00_下载/下载目录 - Httrack/jingyuequanshu/web/html/124-64-1.html]
[F:/00_下载/下载目录 - Httrack/jingyuequanshu/web/html/124-64-2.html]
[F:/00_下载/下载目录 - Httrack/jingyuequanshu/web/html/124-64-3.html]
[F:/00_下载/下载目录 - Httrack/jingyuequanshu/web/html/124-64-4.html]
[F:/00_下载/下载目录 - Httrack/jingyuequanshu/web/html/124-64-5.html]
[F:/00_下载/下载目录 - Httrack/jingyuequanshu/web/html/124-64-6.html]
[F:/00_下载/下载目录 - Httrack/jingyuequanshu/web/html/124-64-7.html]
[F:/00_下载/下载目录 - Httrack/jingyuequanshu/web/html/124-64-8.html]
[F:/00_下载/下载目录 - Httrack/jingyuequanshu/web/html/124-64-9.html]
[F:/00_下载/下载目录 - Httrack/jingyuequanshu/web/html/124-65-1.html]
[F:/00_下载/下载目录 - Httrack/jingyuequanshu/web/html/124-65-2.html]
[F:/00_下载/下载目录 - Httrack/jingyuequanshu/web/html/124-65-3.html]
[F:/00_下载/下载目录 - Httrack/jingyuequanshu/web/html/124-65-4.html]
[F:/00_下载/下载目录 - Httrack/jingyuequanshu/web/html/124-65-5.html]
[F:/00_下载/下载目录 - Httrack/jingyuequanshu/web/html/124-65-6.html]
[F:/00_下载/下载目录 - Httrack/jingyuequanshu/web/html/124-65-7.html]
[F:/00_下载/下载目录 - Httrack/jingyuequanshu/web/html/124-65-8.html]
[F:/00_下载/下载目录 - Httrack/jingyuequanshu/web/html/124-66-2.html]
[F:/00_下载/下载目录 - Httrack/jingyuequanshu/web/html/124-67-1.html]
[F:/00_下载/下载目录 - Httrack/jingyuequanshu/web/html/124-68-1.html]
[F:/00_下载/下载目录 - Httrack/jingyuequanshu/web/html/124-69-1.html]
[F:/00_下载/下载目录 - Httrack/jingyuequanshu/web/html/124-70-1.html]
[F:/00_下载/下载目录 - Httrack/jingyuequanshu/web/html/124-71-1.html]
[F:/00_下载/下载目录 - Httrack/jingyuequanshu/web/html/124-72-1.html]
[F:/00_下载/下载目录 - Httrack/jingyuequanshu/web/html/124-73-1.html]
[F:/00_下载/下载目录 - Httrack/jingyuequanshu/web/html/124-74-1.html]
[F:/00_下载/下载目录 - Httrack/jingyuequanshu/web/html/124-74-2.html]
[F:/00_下载/下载目录 - Httrack/jingyuequanshu/web/html/124-74-3.html]
[F:/00_下载/下载目录 - Httrack/jingyuequanshu/web/html/124-74-4.html]
[F:/00_下载/下载目录 - Httrack/jingyuequanshu/web/html/124-74-5.html]
[F:/00_下载/下载目录 - Httrack/jingyuequanshu/web/html/124-74-6.html]
[F:/00_下载/下载目录 - Httrack/jingyuequanshu/web/html/124-74-7.html]
[F:/00_下载/下载目录 - Httrack/jingyuequanshu/web/html/124-74-8.html]
[F:/00_下载/下载目录 - Httrack/jingyuequanshu/web/html/124-74-9.html]
[F:/00_下载/下载目录 - Httrack/jingyuequanshu/web/html/124-75-1.html]
[F:/00_下载/下载目录 - Httrack/jingyuequanshu/web/html/124-75-2.html]
[F:/00_下载/下载目录 - Httrack/jingyuequanshu/web/html/124-76-1.html]
[F:/00_下载/下载目录 - Httrack/jingyuequanshu/web/html/124-76-2.html]
[F:/00_下载/下载目录 - Httrack/jingyuequanshu/web/html/124-77-1.html]
[F:/00_下载/下载目录 - Httrack/jingyuequanshu/web/html/124-77-2.html]
[F:/00_下载/下载目录 - Httrack/jingyuequanshu/web/html/124-77-3.html]
[F:/00_下载/下载目录 - Httrack/jingyuequanshu/web/html/124-78-1.html]
[F:/00_下载/下载目录 - Httrack/jingyuequanshu/web/html/124-78-2.html]
[F:/00_下载/下载目录 - Httrack/jingyuequanshu/web/html/index-4.html]
[F:/00_下载/下载目录 - Httrack/jingyuequanshu/web/html/index-5.html]
[F:/00_下载/下载目录 - Httrack/jingyuequanshu/external.html]
[F:/00_下载/下载目录 - Httrack/jingyuequanshu/web/png/logo.png]
[F:/00_下载/下载目录 - Httrack/jingyuequanshu/web/html/index-6.html]
[F:/00_下载/下载目录 - Httrack/jingyuequanshu/web/html/index-7.html]
[F:/00_下载/下载目录 - Httrack/jingyuequanshu/web/html/index-8.html]
[F:/00_下载/下载目录 - Httrack/jingyuequanshu/web/html/index-9.html]
[F:/00_下载/下载目录 - Httrack/jingyuequanshu/web/html/index-10.html]
[F:/00_下载/下载目录 - Httrack/jingyuequanshu/web/html/index-11.html]
[F:/00_下载/下载目录 - Httrack/jingyuequanshu/web/html/zhongyishijia.html]
[F:/00_下载/下载目录 - Httrack/jingyuequanshu/web/html/625.html]
[F:/00_下载/下载目录 - Httrack/jingyuequanshu/web/html/fixbuglog.html]
[F:/00_下载/下载目录 - Httrack/jingyuequanshu/web/html/index-12.html]
[F:/00_下载/下载目录 - Httrack/jingyuequanshu/web/html/index-13.html]
[F:/00_下载/下载目录 - Httrack/jingyuequanshu/web/html/index-14.html]
[F:/00_下载/下载目录 - Httrack/jingyuequanshu/web/html/index-15.html]
[F:/00_下载/下载目录 - Httrack/jingyuequanshu/web/html/index-16.html]
[F:/00_下载/下载目录 - Httrack/jingyuequanshu/web/html/index-17.html]
[F:/00_下载/下载目录 - Httrack/jingyuequanshu/web/js/js.js]
[F:/00_下载/下载目录 - Httrack/jingyuequanshu/web/html/index.html]
[F:/00_下载/下载目录 - Httrack/jingyuequanshu/web/html/index-2.html]
[F:/00_下载/下载目录 - Httrack/jingyuequanshu/web/html/index-3.html]
[F:/00_下载/下载目录 - Httrack/jingyuequanshu/web/html/quanben.html]
[F:/00_下载/下载目录 - Httrack/jingyuequanshu/web/html/124-2-0.html]
[F:/00_下载/下载目录 - Httrack/jingyuequanshu/web/html/124-3-0.html]
[F:/00_下载/下载目录 - Httrack/jingyuequanshu/web/html/124-4-0.html]
[F:/00_下载/下载目录 - Httrack/jingyuequanshu/web/html/124-5-0.html]
[F:/00_下载/下载目录 - Httrack/jingyuequanshu/web/html/124-6-0.html]
[F:/00_下载/下载目录 - Httrack/jingyuequanshu/web/html/124-7-1.html]
[F:/00_下载/下载目录 - Httrack/jingyuequanshu/web/html/124-7-2.html]
[F:/00_下载/下载目录 - Httrack/jingyuequanshu/web/html/124-7-3.html]
[F:/00_下载/下载目录 - Httrack/jingyuequanshu/web/html/124-7-4.html]
[F:/00_下载/下载目录 - Httrack/jingyuequanshu/web/html/124-7-5.html]
[F:/00_下载/下载目录 - Httrack/jingyuequanshu/web/html/124-7-6.html]
[F:/00_下载/下载目录 - Httrack/jingyuequanshu/web/html/124-7-7.html]
[F:/00_下载/下载目录 - Httrack/jingyuequanshu/web/html/124-7-8.html]
[F:/00_下载/下载目录 - Httrack/jingyuequanshu/web/html/124-7-9.html]
[F:/00_下载/下载目录 - Httrack/jingyuequanshu/web/html/124-7-10.html]
[F:/00_下载/下载目录 - Httrack/jingyuequanshu/web/html/124-7-11.html]
[F:/00_下载/下载目录 - Httrack/jingyuequanshu/web/html/124-8-1.html]
[F:/00_下载/下载目录 - Httrack/jingyuequanshu/web/html/124-8-2.html]
[F:/00_下载/下载目录 - Httrack/jingyuequanshu/web/html/124-8-3.html]
[F:/00_下载/下载目录 - Httrack/jingyuequanshu/web/html/124-8-4.html]
[F:/00_下载/下载目录 - Httrack/jingyuequanshu/web/html/124-8-5.html]
[F:/00_下载/下载目录 - Httrack/jingyuequanshu/web/html/124-8-6.html]
[F:/00_下载/下载目录 - Httrack/jingyuequanshu/web/html/124-8-7.html]
[F:/00_下载/下载目录 - Httrack/jingyuequanshu/web/html/124-8-8.html]
[F:/00_下载/下载目录 - Httrack/jingyuequanshu/web/html/124-8-9.html]
[F:/00_下载/下载目录 - Httrack/jingyuequanshu/web/html/124-8-10.html]
[F:/00_下载/下载目录 - Httrack/jingyuequanshu/web/html/124-8-11.html]
[F:/00_下载/下载目录 - Httrack/jingyuequanshu/web/html/124-8-12.html]
[F:/00_下载/下载目录 - Httrack/jingyuequanshu/web/html/124-8-13.html]
[F:/00_下载/下载目录 - Httrack/jingyuequanshu/web/html/124-8-14.html]
[F:/00_下载/下载目录 - Httrack/jingyuequanshu/web/html/124-8-15.html]
[F:/00_下载/下载目录 - Httrack/jingyuequanshu/web/html/124-9-1.html]
[F:/00_下载/下载目录 - Httrack/jingyuequanshu/web/html/124-9-2.html]
[F:/00_下载/下载目录 - Httrack/jingyuequanshu/web/html/124-9-3.html]
[F:/00_下载/下载目录 - Httrack/jingyuequanshu/web/html/124-9-4.html]
[F:/00_下载/下载目录 - Httrack/jingyuequanshu/web/html/124-9-5.html]
[F:/00_下载/下载目录 - Httrack/jingyuequanshu/web/html/124-9-6.html]
[F:/00_下载/下载目录 - Httrack/jingyuequanshu/web/html/124-9-7.html]
[F:/00_下载/下载目录 - Httrack/jingyuequanshu/web/html/124-9-8.html]
[F:/00_下载/下载目录 - Httrack/jingyuequanshu/web/html/124-9-9.html]
[F:/00_下载/下载目录 - Httrack/jingyuequanshu/web/html/124-10-1.html]
[F:/00_下载/下载目录 - Httrack/jingyuequanshu/web/html/124-11-1.html]
[F:/00_下载/下载目录 - Httrack/jingyuequanshu/web/html/124-12-1.html]
[F:/00_下载/下载目录 - Httrack/jingyuequanshu/web/html/124-12-2.html]
[F:/00_下载/下载目录 - Httrack/jingyuequanshu/web/html/124-12-3.html]
[F:/00_下载/下载目录 - Httrack/jingyuequanshu/web/html/124-12-4.html]
[F:/00_下载/下载目录 - Httrack/jingyuequanshu/web/html/124-13-1.html]
[F:/00_下载/下载目录 - Httrack/jingyuequanshu/web/html/124-13-2.html]
[F:/00_下载/下载目录 - Httrack/jingyuequanshu/web/html/124-13-3.html]
[F:/00_下载/下载目录 - Httrack/jingyuequanshu/web/html/124-13-4.html]
[F:/00_下载/下载目录 - Httrack/jingyuequanshu/web/html/124-13-5.html]
[F:/00_下载/下载目录 - Httrack/jingyuequanshu/web/html/124-13-6.html]
[F:/00_下载/下载目录 - Httrack/jingyuequanshu/web/html/124-13-7.html]
[F:/00_下载/下载目录 - Httrack/jingyuequanshu/web/html/124-13-8.html]
[F:/00_下载/下载目录 - Httrack/jingyuequanshu/web/html/124-13-9.html]
[F:/00_下载/下载目录 - Httrack/jingyuequanshu/web/html/124-13-10.html]
[F:/00_下载/下载目录 - Httrack/jingyuequanshu/web/html/124-13-11.html]
[F:/00_下载/下载目录 - Httrack/jingyuequanshu/web/html/124-13-12.html]
[F:/00_下载/下载目录 - Httrack/jingyuequanshu/web/html/124-13-13.html]
[F:/00_下载/下载目录 - Httrack/jingyuequanshu/web/html/124-13-14.html]
[F:/00_下载/下载目录 - Httrack/jingyuequanshu/web/html/124-13-15.html]
[F:/00_下载/下载目录 - Httrack/jingyuequanshu/web/html/124-13-16.html]
[F:/00_下载/下载目录 - Httrack/jingyuequanshu/web/html/124-13-17.html]
[F:/00_下载/下载目录 - Httrack/jingyuequanshu/web/html/124-13-18.html]
[F:/00_下载/下载目录 - Httrack/jingyuequanshu/web/html/124-13-19.html]
[F:/00_下载/下载目录 - Httrack/jingyuequanshu/web/html/124-13-20.html]
[F:/00_下载/下载目录 - Httrack/jingyuequanshu/web/html/124-13-21.html]
[F:/00_下载/下载目录 - Httrack/jingyuequanshu/web/html/124-13-22.html]
[F:/00_下载/下载目录 - Httrack/jingyuequanshu/web/html/124-13-23.html]
[F:/00_下载/下载目录 - Httrack/jingyuequanshu/web/html/124-13-24.html]
[F:/00_下载/下载目录 - Httrack/jingyuequanshu/web/html/124-13-25.html]
[F:/00_下载/下载目录 - Httrack/jingyuequanshu/web/html/124-13-26.html]
[F:/00_下载/下载目录 - Httrack/jingyuequanshu/web/html/124-13-27.html]
[F:/00_下载/下载目录 - Httrack/jingyuequanshu/web/html/124-13-28.html]
[F:/00_下载/下载目录 - Httrack/jingyuequanshu/web/html/124-13-29.html]
[F:/00_下载/下载目录 - Httrack/jingyuequanshu/web/html/124-13-30.html]
[F:/00_下载/下载目录 - Httrack/jingyuequanshu/web/html/124-13-31.html]
[F:/00_下载/下载目录 - Httrack/jingyuequanshu/web/html/124-13-32.html]
[F:/00_下载/下载目录 - Httrack/jingyuequanshu/web/html/124-14-1.html]
[F:/00_下载/下载目录 - Httrack/jingyuequanshu/web/html/124-14-2.html]
[F:/00_下载/下载目录 - Httrack/jingyuequanshu/web/html/124-14-3.html]
[F:/00_下载/下载目录 - Httrack/jingyuequanshu/web/html/124-14-4.html]
[F:/00_下载/下载目录 - Httrack/jingyuequanshu/web/html/124-14-5.html]
[F:/00_下载/下载目录 - Httrack/jingyuequanshu/web/html/124-14-6.html]
[F:/00_下载/下载目录 - Httrack/jingyuequanshu/web/html/124-14-7.html]
[F:/00_下载/下载目录 - Httrack/jingyuequanshu/web/html/124-14-8.html]
[F:/00_下载/下载目录 - Httrack/jingyuequanshu/web/html/124-14-9.html]
[F:/00_下载/下载目录 - Httrack/jingyuequanshu/web/html/124-14-10.html]
[F:/00_下载/下载目录 - Httrack/jingyuequanshu/web/html/124-14-11.html]
[F:/00_下载/下载目录 - Httrack/jingyuequanshu/web/html/124-14-12.html]
[F:/00_下载/下载目录 - Httrack/jingyuequanshu/web/html/124-14-13.html]
[F:/00_下载/下载目录 - Httrack/jingyuequanshu/web/html/124-14-14.html]
[F:/00_下载/下载目录 - Httrack/jingyuequanshu/web/html/124-14-15.html]
[F:/00_下载/下载目录 - Httrack/jingyuequanshu/web/html/124-14-16.html]
[F:/00_下载/下载目录 - Httrack/jingyuequanshu/web/html/124-14-17.html]
[F:/00_下载/下载目录 - Httrack/jingyuequanshu/web/html/124-14-18.html]
[F:/00_下载/下载目录 - Httrack/jingyuequanshu/web/html/124-14-19.html]
[F:/00_下载/下载目录 - Httrack/jingyuequanshu/web/html/124-14-20.html]
[F:/00_下载/下载目录 - Httrack/jingyuequanshu/web/html/124-14-21.html]
[F:/00_下载/下载目录 - Httrack/jingyuequanshu/web/html/124-14-22.html]
[F:/00_下载/下载目录 - Httrack/jingyuequanshu/web/html/124-14-23.html]
[F:/00_下载/下载目录 - Httrack/jingyuequanshu/web/html/124-14-24.html]
[F:/00_下载/下载目录 - Httrack/jingyuequanshu/web/html/124-14-25.html]
[F:/00_下载/下载目录 - Httrack/jingyuequanshu/web/html/124-14-26.html]
[F:/00_下载/下载目录 - Httrack/jingyuequanshu/web/html/124-14-27.html]
[F:/00_下载/下载目录 - Httrack/jingyuequanshu/web/html/124-14-28.html]
[F:/00_下载/下载目录 - Httrack/jingyuequanshu/web/html/124-14-29.html]
[F:/00_下载/下载目录 - Httrack/jingyuequanshu/web/html/124-14-30.html]
[F:/00_下载/下载目录 - Httrack/jingyuequanshu/web/html/124-14-31.html]
[F:/00_下载/下载目录 - Httrack/jingyuequanshu/web/html/124-16-1.html]
[F:/00_下载/下载目录 - Httrack/jingyuequanshu/web/html/124-17-7.html]
[F:/00_下载/下载目录 - Httrack/jingyuequanshu/web/html/124-17-8.html]
[F:/00_下载/下载目录 - Httrack/jingyuequanshu/web/html/124-17-9.html]
[F:/00_下载/下载目录 - Httrack/jingyuequanshu/web/html/124-18-1.html]
[F:/00_下载/下载目录 - Httrack/jingyuequanshu/web/html/124-18-2.html]
[F:/00_下载/下载目录 - Httrack/jingyuequanshu/web/html/124-18-3.html]
[F:/00_下载/下载目录 - Httrack/jingyuequanshu/web/html/124-19-1.html]
[F:/00_下载/下载目录 - Httrack/jingyuequanshu/web/html/124-20-1.html]
[F:/00_下载/下载目录 - Httrack/jingyuequanshu/web/html/124-20-2.html]
[F:/00_下载/下载目录 - Httrack/jingyuequanshu/web/html/124-21-1.html]
[F:/00_下载/下载目录 - Httrack/jingyuequanshu/web/html/124-21-2.html]
[F:/00_下载/下载目录 - Httrack/jingyuequanshu/web/html/124-21-3.html]
[F:/00_下载/下载目录 - Httrack/jingyuequanshu/web/html/124-22-1.html]
[F:/00_下载/下载目录 - Httrack/jingyuequanshu/web/html/124-22-2.html]
[F:/00_下载/下载目录 - Httrack/jingyuequanshu/web/html/124-22-3.html]
[F:/00_下载/下载目录 - Httrack/jingyuequanshu/web/html/124-23-1.html]
[F:/00_下载/下载目录 - Httrack/jingyuequanshu/web/html/124-23-2.html]
[F:/00_下载/下载目录 - Httrack/jingyuequanshu/web/html/124-23-3.html]
[F:/00_下载/下载目录 - Httrack/jingyuequanshu/web/html/124-24-1.html]
[F:/00_下载/下载目录 - Httrack/jingyuequanshu/web/html/124-24-2.html]
[F:/00_下载/下载目录 - Httrack/jingyuequanshu/web/html/124-24-3.html]
[F:/00_下载/下载目录 - Httrack/jingyuequanshu/web/html/124-25-1.html]
[F:/00_下载/下载目录 - Httrack/jingyuequanshu/web/html/124-25-2.html]
[F:/00_下载/下载目录 - Httrack/jingyuequanshu/web/html/124-25-3.html]
[F:/00_下载/下载目录 - Httrack/jingyuequanshu/web/html/124-25-4.html]
[F:/00_下载/下载目录 - Httrack/jingyuequanshu/web/html/124-26-1.html]
[F:/00_下载/下载目录 - Httrack/jingyuequanshu/web/html/124-26-2.html]
[F:/00_下载/下载目录 - Httrack/jingyuequanshu/web/html/124-26-3.html]
[F:/00_下载/下载目录 - Httrack/jingyuequanshu/web/html/124-27-1.html]
[F:/00_下载/下载目录 - Httrack/jingyuequanshu/web/html/124-27-2.html]
[F:/00_下载/下载目录 - Httrack/jingyuequanshu/web/html/124-27-3.html]
[F:/00_下载/下载目录 - Httrack/jingyuequanshu/web/html/124-27-4.html]
[F:/00_下载/下载目录 - Httrack/jingyuequanshu/web/html/124-28-1.html]
[F:/00_下载/下载目录 - Httrack/jingyuequanshu/web/html/124-29-1.html]
[F:/00_下载/下载目录 - Httrack/jingyuequanshu/web/html/124-29-2.html]
[F:/00_下载/下载目录 - Httrack/jingyuequanshu/web/html/124-30-1.html]
[F:/00_下载/下载目录 - Httrack/jingyuequanshu/web/html/124-30-2.html]
[F:/00_下载/下载目录 - Httrack/jingyuequanshu/web/html/124-31-1.html]
[F:/00_下载/下载目录 - Httrack/jingyuequanshu/web/html/124-31-2.html]
[F:/00_下载/下载目录 - Httrack/jingyuequanshu/web/html/124-31-3.html]
[F:/00_下载/下载目录 - Httrack/jingyuequanshu/web/html/124-32-1.html]
[F:/00_下载/下载目录 - Httrack/jingyuequanshu/web/html/124-32-2.html]
[F:/00_下载/下载目录 - Httrack/jingyuequanshu/web/html/124-32-3.html]
[F:/00_下载/下载目录 - Httrack/jingyuequanshu/web/html/124-33-1.html]
[F:/00_下载/下载目录 - Httrack/jingyuequanshu/web/html/124-33-2.html]
[F:/00_下载/下载目录 - Httrack/jingyuequanshu/web/html/124-33-3.html]
[F:/00_下载/下载目录 - Httrack/jingyuequanshu/web/html/124-34-1.html]
[F:/00_下载/下载目录 - Httrack/jingyuequanshu/web/html/124-34-2.html]
[F:/00_下载/下载目录 - Httrack/jingyuequanshu/web/html/124-34-3.html]
[F:/00_下载/下载目录 - Httrack/jingyuequanshu/web/html/124-35-1.html]
[F:/00_下载/下载目录 - Httrack/jingyuequanshu/web/html/124-35-2.html]
[F:/00_下载/下载目录 - Httrack/jingyuequanshu/web/html/124-35-3.html]
[F:/00_下载/下载目录 - Httrack/jingyuequanshu/web/html/124-36-1.html]
[F:/00_下载/下载目录 - Httrack/jingyuequanshu/web/html/124-37-2.html]
[F:/00_下载/下载目录 - Httrack/jingyuequanshu/web/html/124-37-3.html]
[F:/00_下载/下载目录 - Httrack/jingyuequanshu/web/html/124-37-4.html]
[F:/00_下载/下载目录 - Httrack/jingyuequanshu/web/html/124-38-1.html]
[F:/00_下载/下载目录 - Httrack/jingyuequanshu/web/html/124-38-2.html]
[F:/00_下载/下载目录 - Httrack/jingyuequanshu/web/html/124-38-3.html]
[F:/00_下载/下载目录 - Httrack/jingyuequanshu/web/html/124-39-1.html]
[F:/00_下载/下载目录 - Httrack/jingyuequanshu/web/html/124-39-2.html]
[F:/00_下载/下载目录 - Httrack/jingyuequanshu/web/html/124-40-1.html]
[F:/00_下载/下载目录 - Httrack/jingyuequanshu/web/html/124-40-2.html]
[F:/00_下载/下载目录 - Httrack/jingyuequanshu/web/html/124-40-3.html]
[F:/00_下载/下载目录 - Httrack/jingyuequanshu/web/html/124-40-4.html]
[F:/00_下载/下载目录 - Httrack/jingyuequanshu/web/html/124-40-5.html]
[F:/00_下载/下载目录 - Httrack/jingyuequanshu/web/html/124-41-1.html]
[F:/00_下载/下载目录 - Httrack/jingyuequanshu/web/html/124-41-2.html]
[F:/00_下载/下载目录 - Httrack/jingyuequanshu/web/html/124-42-1_group.html]
[F:/00_下载/下载目录 - Httrack/jingyuequanshu/web/html/14965.html]
[F:/00_下载/下载目录 - Httrack/jingyuequanshu/web/html/14966.html]
[F:/00_下载/下载目录 - Httrack/jingyuequanshu/web/html/14967.html]
[F:/00_下载/下载目录 - Httrack/jingyuequanshu/web/html/14968.html]
[F:/00_下载/下载目录 - Httrack/jingyuequanshu/web/html/14969.html]
[F:/00_下载/下载目录 - Httrack/jingyuequanshu/web/html/14970.html]
[F:/00_下载/下载目录 - Httrack/jingyuequanshu/web/html/14971.html]
[F:/00_下载/下载目录 - Httrack/jingyuequanshu/web/html/14972.html]
[F:/00_下载/下载目录 - Httrack/jingyuequanshu/web/html/14973.html]
[F:/00_下载/下载目录 - Httrack/jingyuequanshu/web/html/14974.html]
[F:/00_下载/下载目录 - Httrack/jingyuequanshu/web/html/14975.html]
[F:/00_下载/下载目录 - Httrack/jingyuequanshu/web/html/14976.html]
[F:/00_下载/下载目录 - Httrack/jingyuequanshu/web/html/14977.html]
[F:/00_下载/下载目录 - Httrack/jingyuequanshu/web/html/14978.html]
[F:/00_下载/下载目录 - Httrack/jingyuequanshu/web/html/14979.html]
[F:/00_下载/下载目录 - Httrack/jingyuequanshu/web/html/14980.html]
[F:/00_下载/下载目录 - Httrack/jingyuequanshu/web/html/14981.html]
[F:/00_下载/下载目录 - Httrack/jingyuequanshu/web/html/14982.html]
[F:/00_下载/下载目录 - Httrack/jingyuequanshu/web/html/124-43-1_group.html]
[F:/00_下载/下载目录 - Httrack/jingyuequanshu/web/html/14985.html]
[F:/00_下载/下载目录 - Httrack/jingyuequanshu/web/html/14986.html]
[F:/00_下载/下载目录 - Httrack/jingyuequanshu/web/html/14987.html]
[F:/00_下载/下载目录 - Httrack/jingyuequanshu/web/html/14988.html]
[F:/00_下载/下载目录 - Httrack/jingyuequanshu/web/html/14989.html]
[F:/00_下载/下载目录 - Httrack/jingyuequanshu/web/html/14990.html]
[F:/00_下载/下载目录 - Httrack/jingyuequanshu/web/html/14991.html]
[F:/00_下载/下载目录 - Httrack/jingyuequanshu/web/html/14992.html]
[F:/00_下载/下载目录 - Httrack/jingyuequanshu/web/html/14993.html]
[F:/00_下载/下载目录 - Httrack/jingyuequanshu/web/html/14994.html]
[F:/00_下载/下载目录 - Httrack/jingyuequanshu/web/html/14995.html]
[F:/00_下载/下载目录 - Httrack/jingyuequanshu/web/html/14996.html]
[F:/00_下载/下载目录 - Httrack/jingyuequanshu/web/html/14997.html]
[F:/00_下载/下载目录 - Httrack/jingyuequanshu/web/html/14998.html]
[F:/00_下载/下载目录 - Httrack/jingyuequanshu/web/html/124-44-1.html]
[F:/00_下载/下载目录 - Httrack/jingyuequanshu/web/html/124-44-2.html]
[F:/00_下载/下载目录 - Httrack/jingyuequanshu/web/html/124-45-1.html]
[F:/00_下载/下载目录 - Httrack/jingyuequanshu/web/html/124-45-2.html]
[F:/00_下载/下载目录 - Httrack/jingyuequanshu/web/html/124-45-3.html]
[F:/00_下载/下载目录 - Httrack/jingyuequanshu/web/html/124-45-4.html]
[F:/00_下载/下载目录 - Httrack/jingyuequanshu/web/html/124-45-6.html]
[F:/00_下载/下载目录 - Httrack/jingyuequanshu/web/html/124-45-7.html]
[F:/00_下载/下载目录 - Httrack/jingyuequanshu/web/html/124-45-8.html]
[F:/00_下载/下载目录 - Httrack/jingyuequanshu/web/html/124-45-9.html]
[F:/00_下载/下载目录 - Httrack/jingyuequanshu/web/html/124-45-10.html]
[F:/00_下载/下载目录 - Httrack/jingyuequanshu/web/html/124-45-11.html]
[F:/00_下载/下载目录 - Httrack/jingyuequanshu/web/html/124-45-12.html]
[F:/00_下载/下载目录 - Httrack/jingyuequanshu/web/html/124-45-13.html]
[F:/00_下载/下载目录 - Httrack/jingyuequanshu/web/html/124-45-14.html]
[F:/00_下载/下载目录 - Httrack/jingyuequanshu/web/html/124-45-15.html]
[F:/00_下载/下载目录 - Httrack/jingyuequanshu/web/html/124-45-16.html]
[F:/00_下载/下载目录 - Httrack/jingyuequanshu/web/html/124-46-1.html]
[F:/00_下载/下载目录 - Httrack/jingyuequanshu/web/html/124-46-2.html]
[F:/00_下载/下载目录 - Httrack/jingyuequanshu/web/html/124-46-3.html]
[F:/00_下载/下载目录 - Httrack/jingyuequanshu/web/html/124-46-4.html]
[F:/00_下载/下载目录 - Httrack/jingyuequanshu/web/html/124-46-5.html]
[F:/00_下载/下载目录 - Httrack/jingyuequanshu/web/html/124-46-6.html]
[F:/00_下载/下载目录 - Httrack/jingyuequanshu/web/html/124-46-7.html]
[F:/00_下载/下载目录 - Httrack/jingyuequanshu/web/html/124-46-8.html]
[F:/00_下载/下载目录 - Httrack/jingyuequanshu/web/html/124-46-9.html]
[F:/00_下载/下载目录 - Httrack/jingyuequanshu/web/html/124-46-10.html]
[F:/00_下载/下载目录 - Httrack/jingyuequanshu/web/html/124-46-11.html]
[F:/00_下载/下载目录 - Httrack/jingyuequanshu/web/html/124-46-12.html]
[F:/00_下载/下载目录 - Httrack/jingyuequanshu/web/html/124-46-13.html]
[F:/00_下载/下载目录 - Httrack/jingyuequanshu/web/html/124-47-1.html]
[F:/00_下载/下载目录 - Httrack/jingyuequanshu/web/html/124-47-2.html]
[F:/00_下载/下载目录 - Httrack/jingyuequanshu/web/html/124-47-3.html]
[F:/00_下载/下载目录 - Httrack/jingyuequanshu/web/html/124-47-4.html]
[F:/00_下载/下载目录 - Httrack/jingyuequanshu/web/html/124-47-5.html]
[F:/00_下载/下载目录 - Httrack/jingyuequanshu/web/html/124-47-6.html]
[F:/00_下载/下载目录 - Httrack/jingyuequanshu/web/html/124-47-7.html]
[F:/00_下载/下载目录 - Httrack/jingyuequanshu/web/html/124-47-8.html]
[F:/00_下载/下载目录 - Httrack/jingyuequanshu/web/html/124-47-9.html]
[F:/00_下载/下载目录 - Httrack/jingyuequanshu/web/html/124-47-10.html]
[F:/00_下载/下载目录 - Httrack/jingyuequanshu/web/html/124-47-11.html]
[F:/00_下载/下载目录 - Httrack/jingyuequanshu/web/html/124-47-12.html]
[F:/00_下载/下载目录 - Httrack/jingyuequanshu/web/html/124-47-13.html]
[F:/00_下载/下载目录 - Httrack/jingyuequanshu/web/html/124-47-14.html]
[F:/00_下载/下载目录 - Httrack/jingyuequanshu/web/html/124-48-1.html]
[F:/00_下载/下载目录 - Httrack/jingyuequanshu/web/html/124-48-2.html]
[F:/00_下载/下载目录 - Httrack/jingyuequanshu/web/html/124-48-3.html]
[F:/00_下载/下载目录 - Httrack/jingyuequanshu/web/html/124-48-4.html]
[F:/00_下载/下载目录 - Httrack/jingyuequanshu/web/html/124-48-5.html]
[F:/00_下载/下载目录 - Httrack/jingyuequanshu/web/html/124-48-6.html]
[F:/00_下载/下载目录 - Httrack/jingyuequanshu/web/html/124-48-7.html]
[F:/00_下载/下载目录 - Httrack/jingyuequanshu/web/html/124-48-8.html]
[F:/00_下载/下载目录 - Httrack/jingyuequanshu/web/html/124-48-9.html]
[F:/00_下载/下载目录 - Httrack/jingyuequanshu/web/html/124-48-10.html]
[F:/00_下载/下载目录 - Httrack/jingyuequanshu/web/html/124-48-11.html]
[F:/00_下载/下载目录 - Httrack/jingyuequanshu/web/html/124-48-12.html]
[F:/00_下载/下载目录 - Httrack/jingyuequanshu/web/html/124-49-1.html]
[F:/00_下载/下载目录 - Httrack/jingyuequanshu/web/html/124-49-2.html]
[F:/00_下载/下载目录 - Httrack/jingyuequanshu/web/html/124-49-3.html]
[F:/00_下载/下载目录 - Httrack/jingyuequanshu/web/html/124-49-4.html]
[F:/00_下载/下载目录 - Httrack/jingyuequanshu/web/html/124-50-1.html]
[F:/00_下载/下载目录 - Httrack/jingyuequanshu/web/html/124-50-2.html]
[F:/00_下载/下载目录 - Httrack/jingyuequanshu/web/html/124-50-3.html]
[F:/00_下载/下载目录 - Httrack/jingyuequanshu/web/html/124-50-4.html]
[F:/00_下载/下载目录 - Httrack/jingyuequanshu/web/html/124-50-5.html]
[F:/00_下载/下载目录 - Httrack/jingyuequanshu/web/html/124-51-1.html]
[F:/00_下载/下载目录 - Httrack/jingyuequanshu/web/html/124-51-2.html]
[F:/00_下载/下载目录 - Httrack/jingyuequanshu/web/html/124-51-3.html]
[F:/00_下载/下载目录 - Httrack/jingyuequanshu/web/html/124-51-4.html]
[F:/00_下载/下载目录 - Httrack/jingyuequanshu/web/html/124-51-5.html]
[F:/00_下载/下载目录 - Httrack/jingyuequanshu/web/html/124-52-1.html]
[F:/00_下载/下载目录 - Httrack/jingyuequanshu/web/html/124-52-2.html]
[F:/00_下载/下载目录 - Httrack/jingyuequanshu/web/html/124-52-3.html]
[F:/00_下载/下载目录 - Httrack/jingyuequanshu/web/html/124-52-4.html]
[F:/00_下载/下载目录 - Httrack/jingyuequanshu/web/html/124-52-5.html]
[F:/00_下载/下载目录 - Httrack/jingyuequanshu/web/html/124-53-1.html]
[F:/00_下载/下载目录 - Httrack/jingyuequanshu/web/html/124-53-2.html]
[F:/00_下载/下载目录 - Httrack/jingyuequanshu/web/html/124-53-3.html]
[F:/00_下载/下载目录 - Httrack/jingyuequanshu/web/html/124-53-4.html]
[F:/00_下载/下载目录 - Httrack/jingyuequanshu/web/html/124-53-5.html]
[F:/00_下载/下载目录 - Httrack/jingyuequanshu/web/html/124-53-6.html]
[F:/00_下载/下载目录 - Httrack/jingyuequanshu/web/html/124-53-7.html]
[F:/00_下载/下载目录 - Httrack/jingyuequanshu/web/html/124-54-1.html]
[F:/00_下载/下载目录 - Httrack/jingyuequanshu/web/html/124-54-2.html]
[F:/00_下载/下载目录 - Httrack/jingyuequanshu/web/html/124-54-3.html]
[F:/00_下载/下载目录 - Httrack/jingyuequanshu/web/html/124-54-4.html]
[F:/00_下载/下载目录 - Httrack/jingyuequanshu/web/html/124-54-5.html]
[F:/00_下载/下载目录 - Httrack/jingyuequanshu/web/html/124-54-6.html]
[F:/00_下载/下载目录 - Httrack/jingyuequanshu/web/html/124-54-7.html]
[F:/00_下载/下载目录 - Httrack/jingyuequanshu/web/html/124-54-8.html]
[F:/00_下载/下载目录 - Httrack/jingyuequanshu/web/html/124-54-9.html]
[F:/00_下载/下载目录 - Httrack/jingyuequanshu/web/html/124-54-10.html]
[F:/00_下载/下载目录 - Httrack/jingyuequanshu/web/html/124-54-11.html]
[F:/00_下载/下载目录 - Httrack/jingyuequanshu/web/html/124-54-12.html]
[F:/00_下载/下载目录 - Httrack/jingyuequanshu/web/html/124-54-13.html]
[F:/00_下载/下载目录 - Httrack/jingyuequanshu/web/html/124-54-14.html]
[F:/00_下载/下载目录 - Httrack/jingyuequanshu/web/html/124-54-15.html]
[F:/00_下载/下载目录 - Httrack/jingyuequanshu/web/html/124-54-16.html]
[F:/00_下载/下载目录 - Httrack/jingyuequanshu/web/html/124-54-17.html]
[F:/00_下载/下载目录 - Httrack/jingyuequanshu/web/html/124-54-18.html]
[F:/00_下载/下载目录 - Httrack/jingyuequanshu/web/html/124-54-19.html]
[F:/00_下载/下载目录 - Httrack/jingyuequanshu/web/html/124-54-20.html]
[F:/00_下载/下载目录 - Httrack/jingyuequanshu/web/html/124-54-21.html]
[F:/00_下载/下载目录 - Httrack/jingyuequanshu/web/html/124-54-22.html]
[F:/00_下载/下载目录 - Httrack/jingyuequanshu/web/html/124-54-23.html]
[F:/00_下载/下载目录 - Httrack/jingyuequanshu/web/html/124-54-24.html]
[F:/00_下载/下载目录 - Httrack/jingyuequanshu/web/html/124-54-25.html]
[F:/00_下载/下载目录 - Httrack/jingyuequanshu/web/html/124-55-1.html]
[F:/00_下载/下载目录 - Httrack/jingyuequanshu/web/html/124-55-2.html]
[F:/00_下载/下载目录 - Httrack/jingyuequanshu/web/html/124-55-3.html]
[F:/00_下载/下载目录 - Httrack/jingyuequanshu/web/html/124-55-4.html]
[F:/00_下载/下载目录 - Httrack/jingyuequanshu/web/html/124-55-5.html]
[F:/00_下载/下载目录 - Httrack/jingyuequanshu/web/html/124-55-6.html]
[F:/00_下载/下载目录 - Httrack/jingyuequanshu/web/html/124-55-7.html]
[F:/00_下载/下载目录 - Httrack/jingyuequanshu/web/html/124-55-8.html]
[F:/00_下载/下载目录 - Httrack/jingyuequanshu/web/html/124-55-9.html]
[F:/00_下载/下载目录 - Httrack/jingyuequanshu/web/html/124-55-11.html]
[F:/00_下载/下载目录 - Httrack/jingyuequanshu/web/html/124-55-12.html]
[F:/00_下载/下载目录 - Httrack/jingyuequanshu/web/html/124-55-13.html]
[F:/00_下载/下载目录 - Httrack/jingyuequanshu/web/html/124-56-1.html]
[F:/00_下载/下载目录 - Httrack/jingyuequanshu/web/html/124-57-1.html]
[F:/00_下载/下载目录 - Httrack/jingyuequanshu/web/html/124-57-2.html]
[F:/00_下载/下载目录 - Httrack/jingyuequanshu/web/html/124-57-3.html]
[F:/00_下载/下载目录 - Httrack/jingyuequanshu/web/html/124-57-4.html]
[F:/00_下载/下载目录 - Httrack/jingyuequanshu/web/html/124-57-5.html]
[F:/00_下载/下载目录 - Httrack/jingyuequanshu/web/html/124-57-6.html]
[F:/00_下载/下载目录 - Httrack/jingyuequanshu/web/html/124-57-7.html]
[F:/00_下载/下载目录 - Httrack/jingyuequanshu/web/html/124-57-8.html]
[F:/00_下载/下载目录 - Httrack/jingyuequanshu/web/html/124-57-9.html]
[F:/00_下载/下载目录 - Httrack/jingyuequanshu/web/html/124-57-10.html]
[F:/00_下载/下载目录 - Httrack/jingyuequanshu/web/html/124-57-11.html]
[F:/00_下载/下载目录 - Httrack/jingyuequanshu/web/html/124-57-12.html]
[F:/00_下载/下载目录 - Httrack/jingyuequanshu/web/html/124-57-13.html]
[F:/00_下载/下载目录 - Httrack/jingyuequanshu/web/html/124-57-14.html]
[F:/00_下载/下载目录 - Httrack/jingyuequanshu/web/html/124-57-15.html]
[F:/00_下载/下载目录 - Httrack/jingyuequanshu/web/html/124-57-16.html]
[F:/00_下载/下载目录 - Httrack/jingyuequanshu/web/html/124-57-17.html]
[F:/00_下载/下载目录 - Httrack/jingyuequanshu/web/html/124-57-18.html]
[F:/00_下载/下载目录 - Httrack/jingyuequanshu/web/html/124-57-19.html]
[F:/00_下载/下载目录 - Httrack/jingyuequanshu/web/html/124-57-20.html]
[F:/00_下载/下载目录 - Httrack/jingyuequanshu/web/html/124-57-21.html]
[F:/00_下载/下载目录 - Httrack/jingyuequanshu/web/html/124-58-1.html]
[F:/00_下载/下载目录 - Httrack/jingyuequanshu/web/html/124-58-2.html]
[F:/00_下载/下载目录 - Httrack/jingyuequanshu/web/html/124-58-3.html]
[F:/00_下载/下载目录 - Httrack/jingyuequanshu/web/html/124-58-4.html]
[F:/00_下载/下载目录 - Httrack/jingyuequanshu/web/html/124-58-5.html]
[F:/00_下载/下载目录 - Httrack/jingyuequanshu/web/html/124-58-6.html]
[F:/00_下载/下载目录 - Httrack/jingyuequanshu/web/html/124-58-7.html]
[F:/00_下载/下载目录 - Httrack/jingyuequanshu/web/html/124-58-8.html]
[F:/00_下载/下载目录 - Httrack/jingyuequanshu/web/html/124-58-9.html]
[F:/00_下载/下载目录 - Httrack/jingyuequanshu/web/html/124-58-10.html]
[F:/00_下载/下载目录 - Httrack/jingyuequanshu/web/html/124-58-11.html]
[F:/00_下载/下载目录 - Httrack/jingyuequanshu/web/html/124-58-12.html]
[F:/00_下载/下载目录 - Httrack/jingyuequanshu/web/html/124-58-13.html]
[F:/00_下载/下载目录 - Httrack/jingyuequanshu/web/html/124-58-14.html]
[F:/00_下载/下载目录 - Httrack/jingyuequanshu/web/html/124-58-15.html]
[F:/00_下载/下载目录 - Httrack/jingyuequanshu/web/html/124-58-16.html]
[F:/00_下载/下载目录 - Httrack/jingyuequanshu/web/html/124-58-17.html]
[F:/00_下载/下载目录 - Httrack/jingyuequanshu/web/html/124-58-18.html]
[F:/00_下载/下载目录 - Httrack/jingyuequanshu/web/html/124-58-19.html]
[F:/00_下载/下载目录 - Httrack/jingyuequanshu/web/html/124-59-1.html]
[F:/00_下载/下载目录 - Httrack/jingyuequanshu/web/html/124-59-2.html]
[F:/00_下载/下载目录 - Httrack/jingyuequanshu/web/html/124-59-3.html]
[F:/00_下载/下载目录 - Httrack/jingyuequanshu/web/html/124-59-4.html]
[F:/00_下载/下载目录 - Httrack/jingyuequanshu/web/html/124-59-5.html]
[F:/00_下载/下载目录 - Httrack/jingyuequanshu/web/html/124-59-6.html]
[F:/00_下载/下载目录 - Httrack/jingyuequanshu/web/html/124-59-7.html]
[F:/00_下载/下载目录 - Httrack/jingyuequanshu/web/html/124-59-8.html]
[F:/00_下载/下载目录 - Httrack/jingyuequanshu/web/html/124-59-9.html]
[F:/00_下载/下载目录 - Httrack/jingyuequanshu/web/html/124-59-10.html]
[F:/00_下载/下载目录 - Httrack/jingyuequanshu/web/html/124-59-11.html]
[F:/00_下载/下载目录 - Httrack/jingyuequanshu/web/html/124-59-12.html]
[F:/00_下载/下载目录 - Httrack/jingyuequanshu/web/html/124-59-13.html]
[F:/00_下载/下载目录 - Httrack/jingyuequanshu/web/html/124-59-14.html]
[F:/00_下载/下载目录 - Httrack/jingyuequanshu/web/html/124-59-15.html]
[F:/00_下载/下载目录 - Httrack/jingyuequanshu/web/html/124-59-16.html]
[F:/00_下载/下载目录 - Httrack/jingyuequanshu/web/html/124-59-17.html]
[F:/00_下载/下载目录 - Httrack/jingyuequanshu/web/html/124-59-18.html]
[F:/00_下载/下载目录 - Httrack/jingyuequanshu/web/html/124-59-19.html]
[F:/00_下载/下载目录 - Httrack/jingyuequanshu/web/html/124-59-20.html]
[F:/00_下载/下载目录 - Httrack/jingyuequanshu/web/html/124-59-21.html]
[F:/00_下载/下载目录 - Httrack/jingyuequanshu/web/html/124-59-22.html]
[F:/00_下载/下载目录 - Httrack/jingyuequanshu/web/html/124-59-23.html]
[F:/00_下载/下载目录 - Httrack/jingyuequanshu/web/html/124-59-24.html]
[F:/00_下载/下载目录 - Httrack/jingyuequanshu/web/html/124-59-25.html]
[F:/00_下载/下载目录 - Httrack/jingyuequanshu/web/html/124-59-26.html]
[F:/00_下载/下载目录 - Httrack/jingyuequanshu/web/html/124-59-27.html]
[F:/00_下载/下载目录 - Httrack/jingyuequanshu/web/html/124-59-28.html]
[F:/00_下载/下载目录 - Httrack/jingyuequanshu/web/html/124-60-1.html]
[F:/00_下载/下载目录 - Httrack/jingyuequanshu/web/html/124-60-2.html]
[F:/00_下载/下载目录 - Httrack/jingyuequanshu/web/html/124-60-3.html]
[F:/00_下载/下载目录 - Httrack/jingyuequanshu/web/html/124-60-4.html]
[F:/00_下载/下载目录 - Httrack/jingyuequanshu/web/html/124-60-5.html]
[F:/00_下载/下载目录 - Httrack/jingyuequanshu/web/html/124-60-6.html]
[F:/00_下载/下载目录 - Httrack/jingyuequanshu/web/html/124-60-7.html]
[F:/00_下载/下载目录 - Httrack/jingyuequanshu/web/html/124-60-8.html]
[F:/00_下载/下载目录 - Httrack/jingyuequanshu/web/html/124-60-9.html]
[F:/00_下载/下载目录 - Httrack/jingyuequanshu/web/html/124-60-10.html]
[F:/00_下载/下载目录 - Httrack/jingyuequanshu/web/html/124-60-11.html]
[F:/00_下载/下载目录 - Httrack/jingyuequanshu/web/html/124-60-12.html]
[F:/00_下载/下载目录 - Httrack/jingyuequanshu/web/html/124-60-13.html]
[F:/00_下载/下载目录 - Httrack/jingyuequanshu/web/html/124-60-14.html]
[F:/00_下载/下载目录 - Httrack/jingyuequanshu/web/html/124-60-15.html]
[F:/00_下载/下载目录 - Httrack/jingyuequanshu/web/html/124-60-16.html]
[F:/00_下载/下载目录 - Httrack/jingyuequanshu/web/html/124-60-17.html]
[F:/00_下载/下载目录 - Httrack/jingyuequanshu/web/html/124-60-18.html]
[F:/00_下载/下载目录 - Httrack/jingyuequanshu/web/html/124-60-19.html]
[F:/00_下载/下载目录 - Httrack/jingyuequanshu/web/html/124-60-20.html]
[F:/00_下载/下载目录 - Httrack/jingyuequanshu/web/html/124-60-21.html]
[F:/00_下载/下载目录 - Httrack/jingyuequanshu/web/html/124-60-22.html]
[F:/00_下载/下载目录 - Httrack/jingyuequanshu/web/html/124-60-23.html]
[F:/00_下载/下载目录 - Httrack/jingyuequanshu/web/html/124-60-24.html]
[F:/00_下载/下载目录 - Httrack/jingyuequanshu/web/html/124-60-25.html]
[F:/00_下载/下载目录 - Httrack/jingyuequanshu/web/html/124-60-26.html]
[F:/00_下载/下载目录 - Httrack/jingyuequanshu/web/html/124-60-27.html]
[F:/00_下载/下载目录 - Httrack/jingyuequanshu/web/html/124-60-28.html]
[F:/00_下载/下载目录 - Httrack/jingyuequanshu/web/html/124-60-29.html]
[F:/00_下载/下载目录 - Httrack/jingyuequanshu/web/html/124-60-30.html]
[F:/00_下载/下载目录 - Httrack/jingyuequanshu/web/html/124-60-31.html]
[F:/00_下载/下载目录 - Httrack/jingyuequanshu/web/html/124-60-32.html]
[F:/00_下载/下载目录 - Httrack/jingyuequanshu/web/html/124-60-33.html]
[F:/00_下载/下载目录 - Httrack/jingyuequanshu/web/html/124-60-34.html]
[F:/00_下载/下载目录 - Httrack/jingyuequanshu/web/html/124-60-35.html]
[F:/00_下载/下载目录 - Httrack/jingyuequanshu/web/html/124-60-36.html]
[F:/00_下载/下载目录 - Httrack/jingyuequanshu/web/html/124-60-37.html]
[F:/00_下载/下载目录 - Httrack/jingyuequanshu/web/html/124-60-38.html]
[F:/00_下载/下载目录 - Httrack/jingyuequanshu/web/html/124-60-39.html]
[F:/00_下载/下载目录 - Httrack/jingyuequanshu/web/html/124-60-40.html]
[F:/00_下载/下载目录 - Httrack/jingyuequanshu/web/html/124-60-41.html]
[F:/00_下载/下载目录 - Httrack/jingyuequanshu/web/html/124-60-42.html]
[F:/00_下载/下载目录 - Httrack/jingyuequanshu/web/html/124-61-1.html]
[F:/00_下载/下载目录 - Httrack/jingyuequanshu/web/html/124-61-2.html]
[F:/00_下载/下载目录 - Httrack/jingyuequanshu/web/html/124-61-3.html]
[F:/00_下载/下载目录 - Httrack/jingyuequanshu/web/html/124-61-4.html]
[F:/00_下载/下载目录 - Httrack/jingyuequanshu/web/html/124-61-5.html]
[F:/00_下载/下载目录 - Httrack/jingyuequanshu/web/html/124-61-6.html]
[F:/00_下载/下载目录 - Httrack/jingyuequanshu/web/html/124-61-7.html]
[F:/00_下载/下载目录 - Httrack/jingyuequanshu/web/html/124-61-8.html]
[F:/00_下载/下载目录 - Httrack/jingyuequanshu/web/html/124-61-9.html]
[F:/00_下载/下载目录 - Httrack/jingyuequanshu/web/html/124-61-10.html]
[F:/00_下载/下载目录 - Httrack/jingyuequanshu/web/html/124-61-11.html]
[F:/00_下载/下载目录 - Httrack/jingyuequanshu/web/html/124-61-12.html]
[F:/00_下载/下载目录 - Httrack/jingyuequanshu/web/html/124-61-13.html]
[F:/00_下载/下载目录 - Httrack/jingyuequanshu/web/html/124-61-14.html]
[F:/00_下载/下载目录 - Httrack/jingyuequanshu/web/html/124-61-15.html]
[F:/00_下载/下载目录 - Httrack/jingyuequanshu/web/html/124-61-16.html]
[F:/00_下载/下载目录 - Httrack/jingyuequanshu/web/html/124-61-17.html]
[F:/00_下载/下载目录 - Httrack/jingyuequanshu/web/html/124-61-18.html]
[F:/00_下载/下载目录 - Httrack/jingyuequanshu/web/html/124-61-19.html]
[F:/00_下载/下载目录 - Httrack/jingyuequanshu/web/html/124-61-20.html]
[F:/00_下载/下载目录 - Httrack/jingyuequanshu/web/html/124-61-21.html]
[F:/00_下载/下载目录 - Httrack/jingyuequanshu/web/html/124-61-22.html]
[F:/00_下载/下载目录 - Httrack/jingyuequanshu/web/html/124-61-23.html]
[F:/00_下载/下载目录 - Httrack/jingyuequanshu/web/html/124-61-24.html]
[F:/00_下载/下载目录 - Httrack/jingyuequanshu/web/html/124-61-25.html]
[F:/00_下载/下载目录 - Httrack/jingyuequanshu/web/html/124-61-26.html]
[F:/00_下载/下载目录 - Httrack/jingyuequanshu/web/html/124-61-27.html]
[F:/00_下载/下载目录 - Httrack/jingyuequanshu/web/html/124-61-28.html]
[F:/00_下载/下载目录 - Httrack/jingyuequanshu/web/html/124-61-29.html]
[F:/00_下载/下载目录 - Httrack/jingyuequanshu/web/html/124-61-30.html]
[F:/00_下载/下载目录 - Httrack/jingyuequanshu/web/html/124-61-31.html]
[F:/00_下载/下载目录 - Httrack/jingyuequanshu/web/html/124-61-32.html]
[F:/00_下载/下载目录 - Httrack/jingyuequanshu/web/html/124-61-33.html]
[F:/00_下载/下载目录 - Httrack/jingyuequanshu/web/html/124-61-34.html]
[F:/00_下载/下载目录 - Httrack/jingyuequanshu/web/html/124-61-35.html]
[F:/00_下载/下载目录 - Httrack/jingyuequanshu/web/html/124-61-36.html]
[F:/00_下载/下载目录 - Httrack/jingyuequanshu/web/html/124-61-37.html]
[F:/00_下载/下载目录 - Httrack/jingyuequanshu/web/html/124-61-38.html]
[F:/00_下载/下载目录 - Httrack/jingyuequanshu/web/html/124-61-39.html]
[F:/00_下载/下载目录 - Httrack/jingyuequanshu/web/html/124-61-40.html]
[F:/00_下载/下载目录 - Httrack/jingyuequanshu/web/html/124-62-1.html]
[F:/00_下载/下载目录 - Httrack/jingyuequanshu/web/html/124-62-2.html]
[F:/00_下载/下载目录 - Httrack/jingyuequanshu/web/html/124-62-3.html]
[F:/00_下载/下载目录 - Httrack/jingyuequanshu/web/html/124-62-4.html]
[F:/00_下载/下载目录 - Httrack/jingyuequanshu/web/html/124-62-5.html]
[F:/00_下载/下载目录 - Httrack/jingyuequanshu/web/html/124-63-1.html]
[F:/00_下载/下载目录 - Httrack/jingyuequanshu/web/html/124-63-2.html]
[F:/00_下载/下载目录 - Httrack/jingyuequanshu/web/html/124-63-3.html]
[F:/00_下载/下载目录 - Httrack/jingyuequanshu/web/html/124-63-4.html]
[F:/00_下载/下载目录 - Httrack/jingyuequanshu/web/html/124-63-5.html]
[F:/00_下载/下载目录 - Httrack/jingyuequanshu/web/html/124-63-6.html]
[F:/00_下载/下载目录 - Httrack/jingyuequanshu/web/html/124-63-7.html]
[F:/00_下载/下载目录 - Httrack/jingyuequanshu/web/html/124-63-8.html]
[F:/00_下载/下载目录 - Httrack/jingyuequanshu/web/html/124-63-9.html]
[F:/00_下载/下载目录 - Httrack/jingyuequanshu/web/html/124-64-1.html]
[F:/00_下载/下载目录 - Httrack/jingyuequanshu/web/html/124-64-2.html]
[F:/00_下载/下载目录 - Httrack/jingyuequanshu/web/html/124-64-3.html]
[F:/00_下载/下载目录 - Httrack/jingyuequanshu/web/html/124-64-4.html]
[F:/00_下载/下载目录 - Httrack/jingyuequanshu/web/html/124-64-5.html]
[F:/00_下载/下载目录 - Httrack/jingyuequanshu/web/html/124-64-6.html]
[F:/00_下载/下载目录 - Httrack/jingyuequanshu/web/html/124-64-7.html]
[F:/00_下载/下载目录 - Httrack/jingyuequanshu/web/html/124-64-8.html]
[F:/00_下载/下载目录 - Httrack/jingyuequanshu/web/html/124-64-9.html]
[F:/00_下载/下载目录 - Httrack/jingyuequanshu/web/html/124-65-1.html]
[F:/00_下载/下载目录 - Httrack/jingyuequanshu/web/html/124-65-2.html]
[F:/00_下载/下载目录 - Httrack/jingyuequanshu/web/html/124-65-3.html]
[F:/00_下载/下载目录 - Httrack/jingyuequanshu/web/html/124-65-4.html]
[F:/00_下载/下载目录 - Httrack/jingyuequanshu/web/html/124-65-5.html]
[F:/00_下载/下载目录 - Httrack/jingyuequanshu/web/html/124-65-6.html]
[F:/00_下载/下载目录 - Httrack/jingyuequanshu/web/html/124-65-7.html]
[F:/00_下载/下载目录 - Httrack/jingyuequanshu/web/html/124-65-8.html]
[F:/00_下载/下载目录 - Httrack/jingyuequanshu/web/html/124-66-2.html]
[F:/00_下载/下载目录 - Httrack/jingyuequanshu/web/html/124-67-1.html]
[F:/00_下载/下载目录 - Httrack/jingyuequanshu/web/html/124-68-1.html]
[F:/00_下载/下载目录 - Httrack/jingyuequanshu/web/html/124-69-1.html]
[F:/00_下载/下载目录 - Httrack/jingyuequanshu/web/html/124-70-1.html]
[F:/00_下载/下载目录 - Httrack/jingyuequanshu/web/html/124-71-1.html]
[F:/00_下载/下载目录 - Httrack/jingyuequanshu/web/html/124-72-1.html]
[F:/00_下载/下载目录 - Httrack/jingyuequanshu/web/html/124-73-1.html]
[F:/00_下载/下载目录 - Httrack/jingyuequanshu/web/html/124-74-1.html]
[F:/00_下载/下载目录 - Httrack/jingyuequanshu/web/html/124-74-2.html]
[F:/00_下载/下载目录 - Httrack/jingyuequanshu/web/html/124-74-3.html]
[F:/00_下载/下载目录 - Httrack/jingyuequanshu/web/html/124-74-4.html]
[F:/00_下载/下载目录 - Httrack/jingyuequanshu/web/html/124-74-5.html]
[F:/00_下载/下载目录 - Httrack/jingyuequanshu/web/html/124-74-6.html]
[F:/00_下载/下载目录 - Httrack/jingyuequanshu/web/html/124-74-7.html]
[F:/00_下载/下载目录 - Httrack/jingyuequanshu/web/html/124-74-8.html]
[F:/00_下载/下载目录 - Httrack/jingyuequanshu/web/html/124-74-9.html]
[F:/00_下载/下载目录 - Httrack/jingyuequanshu/web/html/124-75-1.html]
[F:/00_下载/下载目录 - Httrack/jingyuequanshu/web/html/124-75-2.html]
[F:/00_下载/下载目录 - Httrack/jingyuequanshu/web/html/124-76-1.html]
[F:/00_下载/下载目录 - Httrack/jingyuequanshu/web/html/124-76-2.html]
[F:/00_下载/下载目录 - Httrack/jingyuequanshu/web/html/124-77-1.html]
[F:/00_下载/下载目录 - Httrack/jingyuequanshu/web/html/124-77-2.html]
[F:/00_下载/下载目录 - Httrack/jingyuequanshu/web/html/124-77-3.html]
[F:/00_下载/下载目录 - Httrack/jingyuequanshu/web/html/124-78-1.html]
[F:/00_下载/下载目录 - Httrack/jingyuequanshu/web/html/124-78-2.html]
[F:/00_下载/下载目录 - Httrack/jingyuequanshu/web/html/index-4.html]
[F:/00_下载/下载目录 - Httrack/jingyuequanshu/web/html/index-5.html]
[F:/00_下载/下载目录 - Httrack/jingyuequanshu/web/html/index-6.html]
[F:/00_下载/下载目录 - Httrack/jingyuequanshu/web/html/index-7.html]
[F:/00_下载/下载目录 - Httrack/jingyuequanshu/web/html/index-8.html]
[F:/00_下载/下载目录 - Httrack/jingyuequanshu/web/html/index-9.html]
[F:/00_下载/下载目录 - Httrack/jingyuequanshu/web/html/index-10.html]
[F:/00_下载/下载目录 - Httrack/jingyuequanshu/web/html/index-11.html]
[F:/00_下载/下载目录 - Httrack/jingyuequanshu/web/jpg/wangshaotang.jpg]
[F:/00_下载/下载目录 - Httrack/jingyuequanshu/web/jpg/wangtiren.jpg]
[F:/00_下载/下载目录 - Httrack/jingyuequanshu/web/html/zhongyishijia.html]
[F:/00_下载/下载目录 - Httrack/jingyuequanshu/web/jpg/zysj_gzh.jpg]
[F:/00_下载/下载目录 - Httrack/jingyuequanshu/web/jpg/zysj_wb.jpg]
[F:/00_下载/下载目录 - Httrack/jingyuequanshu/web/html/625.html]
[F:/00_下载/下载目录 - Httrack/jingyuequanshu/web/html/fixbuglog.html]
[F:/00_下载/下载目录 - Httrack/jingyuequanshu/web/html/index-12.html]
[F:/00_下载/下载目录 - Httrack/jingyuequanshu/web/html/index-13.html]
[F:/00_下载/下载目录 - Httrack/jingyuequanshu/web/html/index-14.html]
[F:/00_下载/下载目录 - Httrack/jingyuequanshu/web/html/index-15.html]
[F:/00_下载/下载目录 - Httrack/jingyuequanshu/web/html/index-16.html]
[F:/00_下载/下载目录 - Httrack/jingyuequanshu/web/html/index-17.html]
[F:/00_下载/下载目录 - Httrack/jingyuequanshu/web/js/push9934.js]
[F:/00_下载/下载目录 - Httrack/jingyuequanshu/web/svg/safari-pinned-tab.svg]
[F:/00_下载/下载目录 - Httrack/jingyuequanshu/web/html/index-2.html]
[F:/00_下载/下载目录 - Httrack/jingyuequanshu/web/html/index-6.html]
